Component: ARM Compiler 5.06 update 7 (build 960) Tool: armlink [4d3601]

==============================================================================

Section Cross References

    main.o(i.HAL_UARTEx_RxEventCallback) refers to trackboard.o(i.receive_trackboard_IRQ) for receive_trackboard_IRQ
    main.o(i.HAL_UARTEx_RxEventCallback) refers to trackboard.o(i.Get_trackboard) for Get_trackboard
    main.o(i.HAL_UARTEx_RxEventCallback) refers to qrcode.o(i.receive_qrcode_IRQ) for receive_qrcode_IRQ
    main.o(i.HAL_UARTEx_RxEventCallback) refers to qrcode.o(i.Get_qrcode) for Get_qrcode
    main.o(i.HAL_UARTEx_RxEventCallback) refers to openmv.o(i.receive_openmv_IRQ) for receive_openmv_IRQ
    main.o(i.HAL_UARTEx_RxEventCallback) refers to openmv.o(i.Get_openmv) for Get_openmv
    main.o(i.HAL_UARTEx_RxEventCallback) refers to ats522.o(i.receive_ats522_IRQ) for receive_ats522_IRQ
    main.o(i.HAL_UARTEx_RxEventCallback) refers to trackboard.o(.bss) for front_bar
    main.o(i.HAL_UARTEx_RxEventCallback) refers to trackboard.o(.data) for back_bar
    main.o(i.HAL_UARTEx_RxEventCallback) refers to qrcode.o(.data) for qrcode
    main.o(i.HAL_UARTEx_RxEventCallback) refers to openmv.o(.data) for openmv
    main.o(i.HAL_UARTEx_RxEventCallback) refers to ats522.o(.bss) for ats522
    main.o(i.SystemClock_Config) refers to memseta.o(.text) for __aeabi_memclr4
    main.o(i.SystemClock_Config) refers to stm32f7xx_hal_rcc.o(i.HAL_RCC_OscConfig) for HAL_RCC_OscConfig
    main.o(i.SystemClock_Config) refers to stm32f7xx_hal_pwr_ex.o(i.HAL_PWREx_EnableOverDrive) for HAL_PWREx_EnableOverDrive
    main.o(i.SystemClock_Config) refers to stm32f7xx_hal_rcc.o(i.HAL_RCC_ClockConfig) for HAL_RCC_ClockConfig
    main.o(i.SystemClock_Config) refers to stm32f7xx_hal_rcc_ex.o(i.HAL_RCCEx_PeriphCLKConfig) for HAL_RCCEx_PeriphCLKConfig
    main.o(i.main) refers to stm32f7xx_hal.o(i.HAL_Init) for HAL_Init
    main.o(i.main) refers to main.o(i.SystemClock_Config) for SystemClock_Config
    main.o(i.main) refers to gpio.o(i.MX_GPIO_Init) for MX_GPIO_Init
    main.o(i.main) refers to tim.o(i.MX_TIM1_Init) for MX_TIM1_Init
    main.o(i.main) refers to tim.o(i.MX_TIM2_Init) for MX_TIM2_Init
    main.o(i.main) refers to tim.o(i.MX_TIM3_Init) for MX_TIM3_Init
    main.o(i.main) refers to tim.o(i.MX_TIM5_Init) for MX_TIM5_Init
    main.o(i.main) refers to usart.o(i.MX_UART5_Init) for MX_UART5_Init
    main.o(i.main) refers to usart.o(i.MX_USART3_UART_Init) for MX_USART3_UART_Init
    main.o(i.main) refers to dma.o(i.MX_DMA_Init) for MX_DMA_Init
    main.o(i.main) refers to tim.o(i.MX_TIM6_Init) for MX_TIM6_Init
    main.o(i.main) refers to usart.o(i.MX_USART2_UART_Init) for MX_USART2_UART_Init
    main.o(i.main) refers to usart.o(i.MX_UART4_Init) for MX_UART4_Init
    main.o(i.main) refers to usart.o(i.MX_UART7_Init) for MX_UART7_Init
    main.o(i.main) refers to usart.o(i.MX_UART8_Init) for MX_UART8_Init
    main.o(i.main) refers to usart.o(i.MX_USART1_UART_Init) for MX_USART1_UART_Init
    main.o(i.main) refers to tim.o(i.MX_TIM4_Init) for MX_TIM4_Init
    main.o(i.main) refers to bsp_delay.o(i.delay_init) for delay_init
    main.o(i.main) refers to stm32f7xx_hal_tim.o(i.HAL_TIM_Base_Start_IT) for HAL_TIM_Base_Start_IT
    main.o(i.main) refers to turnover_steering.o(i.Steering_Init) for Steering_Init
    main.o(i.main) refers to trackboard.o(i.receive_trackboard_Init) for receive_trackboard_Init
    main.o(i.main) refers to qrcode.o(i.receive_qrcode_Init) for receive_qrcode_Init
    main.o(i.main) refers to openmv.o(i.receive_openmv_Init) for receive_openmv_Init
    main.o(i.main) refers to ats522.o(i.receive_ats522_Init) for receive_ats522_Init
    main.o(i.main) refers to motor_config.o(i.motor1_Enable) for motor1_Enable
    main.o(i.main) refers to motor_config.o(i.motor2_Enable) for motor2_Enable
    main.o(i.main) refers to motor_config.o(i.motor3_Enable) for motor3_Enable
    main.o(i.main) refers to motor_config.o(i.motor4_Enable) for motor4_Enable
    main.o(i.main) refers to motor_task.o(i.motor_pid_data_init) for motor_pid_data_init
    main.o(i.main) refers to track_task.o(i.track_pid_data_init) for track_pid_data_init
    main.o(i.main) refers to qrcode.o(i.QR_restore_default) for QR_restore_default
    main.o(i.main) refers to motor.o(i.change_chassis_status) for change_chassis_status
    main.o(i.main) refers to lsc.o(i.servogroup_InitInit) for servogroup_InitInit
    main.o(i.main) refers to bsp_delay.o(i.delay_ms) for delay_ms
    main.o(i.main) refers to walk_task.o(i.blue_or_red) for blue_or_red
    main.o(i.main) refers to tim.o(.bss) for htim6
    main.o(i.main) refers to turnover_steering.o(.bss) for turnover_steering
    main.o(i.main) refers to trackboard.o(.bss) for front_bar
    main.o(i.main) refers to qrcode.o(.data) for qrcode
    main.o(i.main) refers to openmv.o(.data) for openmv
    main.o(i.main) refers to ats522.o(.bss) for ats522
    main.o(i.main) refers to motor_config.o(.bss) for motor1
[...]
    DMA1_Stream1_IRQHandler                  0x080001fb   Thumb Code     0  startup_stm32f750xx.o(.text)
    DMA1_Stream4_IRQHandler                  0x080001fb   Thumb Code     0  startup_stm32f750xx.o(.text)
    DMA1_Stream7_IRQHandler                  0x080001fb   Thumb Code     0  startup_stm32f750xx.o(.text)
    DMA2D_IRQHandler                         0x080001fb   Thumb Code     0  startup_stm32f750xx.o(.text)
    DMA2_Stream0_IRQHandler                  0x080001fb   Thumb Code     0  startup_stm32f750xx.o(.text)
    DMA2_Stream1_IRQHandler                  0x080001fb   Thumb Code     0  startup_stm32f750xx.o(.text)
    DMA2_Stream3_IRQHandler                  0x080001fb   Thumb Code     0  startup_stm32f750xx.o(.text)
    DMA2_Stream4_IRQHandler                  0x080001fb   Thumb Code     0  startup_stm32f750xx.o(.text)
    DMA2_Stream5_IRQHandler                  0x080001fb   Thumb Code     0  startup_stm32f750xx.o(.text)
    DMA2_Stream6_IRQHandler                  0x080001fb   Thumb Code     0  startup_stm32f750xx.o(.text)
    DMA2_Stream7_IRQHandler                  0x080001fb   Thumb Code     0  startup_stm32f750xx.o(.text)
    ETH_IRQHandler                           0x080001fb   Thumb Code     0  startup_stm32f750xx.o(.text)
    ETH_WKUP_IRQHandler                      0x080001fb   Thumb Code     0  startup_stm32f750xx.o(.text)
    EXTI0_IRQHandler                         0x080001fb   Thumb Code     0  startup_stm32f750xx.o(.text)
    EXTI15_10_IRQHandler                     0x080001fb   Thumb Code     0  startup_stm32f750xx.o(.text)
    EXTI1_IRQHandler                         0x080001fb   Thumb Code     0  startup_stm32f750xx.o(.text)
    EXTI2_IRQHandler                         0x080001fb   Thumb Code     0  startup_stm32f750xx.o(.text)
    EXTI3_IRQHandler                         0x080001fb   Thumb Code     0  startup_stm32f750xx.o(.text)
    EXTI4_IRQHandler                         0x080001fb   Thumb Code     0  startup_stm32f750xx.o(.text)
    EXTI9_5_IRQHandler                       0x080001fb   Thumb Code     0  startup_stm32f750xx.o(.text)
    FLASH_IRQHandler                         0x080001fb   Thumb Code     0  startup_stm32f750xx.o(.text)
    FMC_IRQHandler                           0x080001fb   Thumb Code     0  startup_stm32f750xx.o(.text)
    FPU_IRQHandler                           0x080001fb   Thumb Code     0  startup_stm32f750xx.o(.text)
    HASH_RNG_IRQHandler                      0x080001fb   Thumb Code     0  startup_stm32f750xx.o(.text)
    I2C1_ER_IRQHandler                       0x080001fb   Thumb Code     0  startup_stm32f750xx.o(.text)
    I2C1_EV_IRQHandler                       0x080001fb   Thumb Code     0  startup_stm32f750xx.o(.text)
    I2C2_ER_IRQHandler                       0x080001fb   Thumb Code     0  startup_stm32f750xx.o(.text)
    I2C2_EV_IRQHandler                       0x080001fb   Thumb Code     0  startup_stm32f750xx.o(.text)
    I2C3_ER_IRQHandler                       0x080001fb   Thumb Code     0  startup_stm32f750xx.o(.text)
    I2C3_EV_IRQHandler                       0x080001fb   Thumb Code     0  startup_stm32f750xx.o(.text)
    I2C4_ER_IRQHandler                       0x080001fb   Thumb Code     0  startup_stm32f750xx.o(.text)
    I2C4_EV_IRQHandler                       0x080001fb   Thumb Code     0  startup_stm32f750xx.o(.text)
    LPTIM1_IRQHandler                        0x080001fb   Thumb Code     0  startup_stm32f750xx.o(.text)
    LTDC_ER_IRQHandler                       0x080001fb   Thumb Code     0  startup_stm32f750xx.o(.text)
    LTDC_IRQHandler                          0x080001fb   Thumb Code     0  startup_stm32f750xx.o(.text)
    OTG_FS_IRQHandler                        0x080001fb   Thumb Code     0  startup_stm32f750xx.o(.text)
    OTG_FS_WKUP_IRQHandler                   0x080001fb   Thumb Code     0  startup_stm32f750xx.o(.text)
    OTG_HS_EP1_IN_IRQHandler                 0x080001fb   Thumb Code     0  startup_stm32f750xx.o(.text)
    OTG_HS_EP1_OUT_IRQHandler                0x080001fb   Thumb Code     0  startup_stm32f750xx.o(.text)
    OTG_HS_IRQHandler                        0x080001fb   Thumb Code     0  startup_stm32f750xx.o(.text)
    OTG_HS_WKUP_IRQHandler                   0x080001fb   Thumb Code     0  startup_stm32f750xx.o(.text)
    PVD_IRQHandler                           0x080001fb   Thumb Code     0  startup_stm32f750xx.o(.text)
    QUADSPI_IRQHandler                       0x080001fb   Thumb Code     0  startup_stm32f750xx.o(.text)
    RCC_IRQHandler                           0x080001fb   Thumb Code     0  startup_stm32f750xx.o(.text)
    RTC_Alarm_IRQHandler                     0x080001fb   Thumb Code     0  startup_stm32f750xx.o(.text)
    RTC_WKUP_IRQHandler                      0x080001fb   Thumb Code     0  startup_stm32f750xx.o(.text)
    SAI1_IRQHandler                          0x080001fb   Thumb Code     0  startup_stm32f750xx.o(.text)
    SAI2_IRQHandler                          0x080001fb   Thumb Code     0  startup_stm32f750xx.o(.text)
    SDMMC1_IRQHandler                        0x080001fb   Thumb Code     0  startup_stm32f750xx.o(.text)
    SPDIF_RX_IRQHandler                      0x080001fb   Thumb Code     0  startup_stm32f750xx.o(.text)
    SPI1_IRQHandler                          0x080001fb   Thumb Code     0  startup_stm32f750xx.o(.text)
    SPI2_IRQHandler                          0x080001fb   Thumb Code     0  startup_stm32f750xx.o(.text)
    SPI3_IRQHandler                          0x080001fb   Thumb Code     0  startup_stm32f750xx.o(.text)
    SPI4_IRQHandler                          0x080001fb   Thumb Code     0  startup_stm32f750xx.o(.text)
    SPI5_IRQHandler                          0x080001fb   Thumb Code     0  startup_stm32f750xx.o(.text)
    SPI6_IRQHandler                          0x080001fb   Thumb Code     0  startup_stm32f750xx.o(.text)
    TAMP_STAMP_IRQHandler                    0x080001fb   Thumb Code     0  startup_stm32f750xx.o(.text)
    TIM1_BRK_TIM9_IRQHandler                 0x080001fb   Thumb Code     0  startup_stm32f750xx.o(.text)
    TIM1_CC_IRQHandler                       0x080001fb   Thumb Code     0  startup_stm32f750xx.o(.text)
    TIM1_TRG_COM_TIM11_IRQHandler            0x080001fb   Thumb Code     0  startup_stm32f750xx.o(.text)
    TIM1_UP_TIM10_IRQHandler                 0x080001fb   Thumb Code     0  startup_stm32f750xx.o(.text)
    TIM2_IRQHandler                          0x080001fb   Thumb Code     0  startup_stm32f750xx.o(.text)
    TIM4_IRQHandler                          0x080001fb   Thumb Code     0  startup_stm32f750xx.o(.text)
    TIM7_IRQHandler                          0x080001fb   Thumb Code     0  startup_stm32f750xx.o(.text)
    TIM8_BRK_TIM12_IRQHandler                0x080001fb   Thumb Code     0  startup_stm32f750xx.o(.text)
    TIM8_CC_IRQHandler                       0x080001fb   Thumb Code     0  startup_stm32f750xx.o(.text)
    TIM8_TRG_COM_TIM14_IRQHandler            0x080001fb   Thumb Code     0  startup_stm32f750xx.o(.text)
    TIM8_UP_TIM13_IRQHandler                 0x080001fb   Thumb Code     0  startup_stm32f750xx.o(.text)
    USART1_IRQHandler                        0x080001fb   Thumb Code     0  startup_stm32f750xx.o(.text)
    USART3_IRQHandler                        0x080001fb   Thumb Code     0  startup_stm32f750xx.o(.text)
    USART6_IRQHandler                        0x080001fb   Thumb Code     0  startup_stm32f750xx.o(.text)
    WWDG_IRQHandler                          0x080001fb   Thumb Code     0  startup_stm32f750xx.o(.text)
    __aeabi_uldivmod                         0x08000205   Thumb Code    98  uldiv.o(.text)
    __aeabi_memset                           0x08000267   Thumb Code    14  memseta.o(.text)
    __aeabi_memset4                          0x08000267   Thumb Code     0  memseta.o(.text)
    __aeabi_memset8                          0x08000267   Thumb Code     0  memseta.o(.text)
    __aeabi_memclr                           0x08000275   Thumb Code     4  memseta.o(.text)
    __aeabi_memclr4                          0x08000275   Thumb Code     0  memseta.o(.text)
    __aeabi_memclr8                          0x08000275   Thumb Code     0  memseta.o(.text)
    _memset$wrapper                          0x08000279   Thumb Code    18  memseta.o(.text)
    __aeabi_dadd                             0x0800028b   Thumb Code   322  dadd.o(.text)
    __aeabi_dsub                             0x080003cd   Thumb Code     6  dadd.o(.text)
    __aeabi_drsub                            0x080003d3   Thumb Code     6  dadd.o(.text)
    __aeabi_dmul                             0x080003d9   Thumb Code   228  dmul.o(.text)
    __aeabi_ddiv                             0x080004bd   Thumb Code   222  ddiv.o(.text)
    __aeabi_i2d                              0x0800059b   Thumb Code    34  dflti.o(.text)
    __aeabi_ui2d                             0x080005bd   Thumb Code    26  dfltui.o(.text)
    __aeabi_d2iz                             0x080005d7   Thumb Code    62  dfixi.o(.text)
    __aeabi_f2d                              0x08000615   Thumb Code    38  f2d.o(.text)
    __aeabi_cdcmpeq                          0x0800063d   Thumb Code     0  cdcmple.o(.text)
    __aeabi_cdcmple                          0x0800063d   Thumb Code    48  cdcmple.o(.text)
    __aeabi_cdrcmple                         0x0800066d   Thumb Code    48  cdrcmple.o(.text)
    __aeabi_d2f                              0x0800069d   Thumb Code    56  d2f.o(.text)
    __aeabi_llsl                             0x080006d5   Thumb Code    30  llshl.o(.text)
    _ll_shift_l                              0x080006d5   Thumb Code     0  llshl.o(.text)
    __aeabi_llsr                             0x080006f3   Thumb Code    32  llushr.o(.text)
    _ll_ushift_r                             0x080006f3   Thumb Code     0  llushr.o(.text)
    __aeabi_lasr                             0x08000713   Thumb Code    36  llsshr.o(.text)
    _ll_sshift_r                             0x08000713   Thumb Code     0  llsshr.o(.text)
    __I$use$fp                               0x08000737   Thumb Code     0  iusefp.o(.text)
    _float_round                             0x08000737   Thumb Code    18  fepilogue.o(.text)
    _float_epilogue                          0x08000749   Thumb Code    92  fepilogue.o(.text)
    _double_round                            0x080007a5   Thumb Code    30  depilogue.o(.text)
    _double_epilogue                         0x080007c3   Thumb Code   156  depilogue.o(.text)
    __scatterload                            0x08000861   Thumb Code    28  init.o(.text)
    __scatterload_rt2                        0x08000861   Thumb Code     0  init.o(.text)
    __decompress                             0x08000885   Thumb Code     0  __dczerorl2.o(.text)
    __decompress1                            0x08000885   Thumb Code    86  __dczerorl2.o(.text)
    BusFault_Handler                         0x080008db   Thumb Code     2  stm32f7xx_it.o(i.BusFault_Handler)
    Catch_Steppedplatform_blue               0x080008dd   Thumb Code   420  catch_task.o(i.Catch_Steppedplatform_blue)
    Catch_Steppedplatform_red                0x08000a9d   Thumb Code   452  catch_task.o(i.Catch_Steppedplatform_red)
    Clear_SendBUF                            0x08000c7d   Thumb Code    14  ats522.o(i.Clear_SendBUF)
    DMA1_Stream2_IRQHandler                  0x08000c8d   Thumb Code     6  stm32f7xx_it.o(i.DMA1_Stream2_IRQHandler)
    DMA1_Stream3_IRQHandler                  0x08000c99   Thumb Code     6  stm32f7xx_it.o(i.DMA1_Stream3_IRQHandler)
    DMA1_Stream5_IRQHandler                  0x08000ca5   Thumb Code     6  stm32f7xx_it.o(i.DMA1_Stream5_IRQHandler)
    DMA1_Stream6_IRQHandler                  0x08000cb1   Thumb Code     6  stm32f7xx_it.o(i.DMA1_Stream6_IRQHandler)
    DMA2_Stream2_IRQHandler                  0x08000cbd   Thumb Code     6  stm32f7xx_it.o(i.DMA2_Stream2_IRQHandler)
    DebugMon_Handler                         0x08000d6d   Thumb Code     2  stm32f7xx_it.o(i.DebugMon_Handler)
    Error_Handler                            0x08000d6f   Thumb Code     4  main.o(i.Error_Handler)
    Get_Time_Period                          0x08000d75   Thumb Code    62  time_cnt.o(i.Get_Time_Period)
    Get_ats522                               0x08000dbd   Thumb Code   190  ats522.o(i.Get_ats522)
    Get_openmv                               0x08000e85   Thumb Code    62  openmv.o(i.Get_openmv)
    Get_qrcode                               0x08000ecd   Thumb Code    82  qrcode.o(i.Get_qrcode)
    Get_trackboard                           0x08000f29   Thumb Code   240  trackboard.o(i.Get_trackboard)
    HAL_DMA_Abort                            0x08001021   Thumb Code   146  stm32f7xx_hal_dma.o(i.HAL_DMA_Abort)
    HAL_DMA_Abort_IT                         0x080010b3   Thumb Code    36  stm32f7xx_hal_dma.o(i.HAL_DMA_Abort_IT)
    HAL_DMA_IRQHandler                       0x080010d9   Thumb Code   412  stm32f7xx_hal_dma.o(i.HAL_DMA_IRQHandler)
    HAL_DMA_Init                             0x08001279   Thumb Code   222  stm32f7xx_hal_dma.o(i.HAL_DMA_Init)
    HAL_DMA_Start_IT                         0x0800135d   Thumb Code   122  stm32f7xx_hal_dma.o(i.HAL_DMA_Start_IT)
    HAL_Delay                                0x080013d9   Thumb Code    32  stm32f7xx_hal.o(i.HAL_Delay)
    HAL_GPIO_Init                            0x080013fd   Thumb Code   420  stm32f7xx_hal_gpio.o(i.HAL_GPIO_Init)
    HAL_GPIO_ReadPin                         0x080015d5   Thumb Code    10  stm32f7xx_hal_gpio.o(i.HAL_GPIO_ReadPin)
    HAL_GetTick                              0x080015e1   Thumb Code     6  stm32f7xx_hal.o(i.HAL_GetTick)
    HAL_IncTick                              0x080015ed   Thumb Code    12  stm32f7xx_hal.o(i.HAL_IncTick)
    HAL_Init                                 0x080015fd   Thumb Code    32  stm32f7xx_hal.o(i.HAL_Init)
    HAL_InitTick                             0x08001621   Thumb Code    54  stm32f7xx_hal.o(i.HAL_InitTick)
    HAL_MspInit                              0x08001661   Thumb Code    42  stm32f7xx_hal_msp.o(i.HAL_MspInit)
    HAL_NVIC_EnableIRQ                       0x08001691   Thumb Code    26  stm32f7xx_hal_cortex.o(i.HAL_NVIC_EnableIRQ)
    HAL_NVIC_SetPriority                     0x080016ad   Thumb Code    60  stm32f7xx_hal_cortex.o(i.HAL_NVIC_SetPriority)
    HAL_NVIC_SetPriorityGrouping             0x080016ed   Thumb Code    28  stm32f7xx_hal_cortex.o(i.HAL_NVIC_SetPriorityGrouping)
    HAL_PWREx_EnableOverDrive                0x08001711   Thumb Code   100  stm32f7xx_hal_pwr_ex.o(i.HAL_PWREx_EnableOverDrive)
    HAL_RCCEx_PeriphCLKConfig                0x0800177d   Thumb Code  1276  stm32f7xx_hal_rcc_ex.o(i.HAL_RCCEx_PeriphCLKConfig)
    HAL_RCC_ClockConfig                      0x08001c79   Thumb Code   284  stm32f7xx_hal_rcc.o(i.HAL_RCC_ClockConfig)
    HAL_RCC_GetPCLK1Freq                     0x08001da9   Thumb Code    20  stm32f7xx_hal_rcc.o(i.HAL_RCC_GetPCLK1Freq)
    HAL_RCC_GetPCLK2Freq                     0x08001dc9   Thumb Code    20  stm32f7xx_hal_rcc.o(i.HAL_RCC_GetPCLK2Freq)
    HAL_RCC_GetSysClockFreq                  0x08001de9   Thumb Code    88  stm32f7xx_hal_rcc.o(i.HAL_RCC_GetSysClockFreq)
    HAL_RCC_OscConfig                        0x08001e49   Thumb Code   888  stm32f7xx_hal_rcc.o(i.HAL_RCC_OscConfig)
    HAL_SYSTICK_Config                       0x080021cd   Thumb Code    38  stm32f7xx_hal_cortex.o(i.HAL_SYSTICK_Config)
    HAL_TIMEx_Break2Callback                 0x080021f3   Thumb Code     2  stm32f7xx_hal_tim_ex.o(i.HAL_TIMEx_Break2Callback)
    HAL_TIMEx_BreakCallback                  0x080021f5   Thumb Code     2  stm32f7xx_hal_tim_ex.o(i.HAL_TIMEx_BreakCallback)
    HAL_TIMEx_CommutCallback                 0x080021f7   Thumb Code     2  stm32f7xx_hal_tim_ex.o(i.HAL_TIMEx_CommutCallback)
    HAL_TIMEx_ConfigBreakDeadTime            0x080021f9   Thumb Code   150  stm32f7xx_hal_tim_ex.o(i.HAL_TIMEx_ConfigBreakDeadTime)
    HAL_TIMEx_MasterConfigSynchronization    0x08002299   Thumb Code   134  stm32f7xx_hal_tim_ex.o(i.HAL_TIMEx_MasterConfigSynchronization)
    HAL_TIM_Base_Init                        0x0800233d   Thumb Code    98  stm32f7xx_hal_tim.o(i.HAL_TIM_Base_Init)
    HAL_TIM_Base_MspInit                     0x080023a1   Thumb Code   104  tim.o(i.HAL_TIM_Base_MspInit)
    HAL_TIM_Base_Start_IT                    0x0800241d   Thumb Code   106  stm32f7xx_hal_tim.o(i.HAL_TIM_Base_Start_IT)
    HAL_TIM_ConfigClockSource                0x080024a9   Thumb Code   214  stm32f7xx_hal_tim.o(i.HAL_TIM_ConfigClockSource)
    HAL_TIM_IC_CaptureCallback               0x08002585   Thumb Code   246  motor_encoder.o(i.HAL_TIM_IC_CaptureCallback)
    HAL_TIM_IC_ConfigChannel                 0x080026a1   Thumb Code   270  stm32f7xx_hal_tim.o(i.HAL_TIM_IC_ConfigChannel)
    HAL_TIM_IC_Init                          0x080027af   Thumb Code    98  stm32f7xx_hal_tim.o(i.HAL_TIM_IC_Init)
    HAL_TIM_IC_MspInit                       0x08002811   Thumb Code   210  tim.o(i.HAL_TIM_IC_MspInit)
    HAL_TIM_IC_Start_IT                      0x080028f9   Thumb Code   286  stm32f7xx_hal_tim.o(i.HAL_TIM_IC_Start_IT)
    HAL_TIM_IRQHandler                       0x08002a39   Thumb Code   386  stm32f7xx_hal_tim.o(i.HAL_TIM_IRQHandler)
    HAL_TIM_MspPostInit                      0x08002bbd   Thumb Code   188  tim.o(i.HAL_TIM_MspPostInit)
    HAL_TIM_OC_DelayElapsedCallback          0x08002c91   Thumb Code     2  stm32f7xx_hal_tim.o(i.HAL_TIM_OC_DelayElapsedCallback)
    HAL_TIM_PWM_ConfigChannel                0x08002c93   Thumb Code   286  stm32f7xx_hal_tim.o(i.HAL_TIM_PWM_ConfigChannel)
    HAL_TIM_PWM_Init                         0x08002db1   Thumb Code    98  stm32f7xx_hal_tim.o(i.HAL_TIM_PWM_Init)
    HAL_TIM_PWM_MspInit                      0x08002e13   Thumb Code     2  stm32f7xx_hal_tim.o(i.HAL_TIM_PWM_MspInit)
    HAL_TIM_PWM_PulseFinishedCallback        0x08002e15   Thumb Code     2  stm32f7xx_hal_tim.o(i.HAL_TIM_PWM_PulseFinishedCallback)
    HAL_TIM_PWM_Start                        0x08002e19   Thumb Code   216  stm32f7xx_hal_tim.o(i.HAL_TIM_PWM_Start)
    HAL_TIM_PeriodElapsedCallback            0x08002f11   Thumb Code    34  motor_encoder.o(i.HAL_TIM_PeriodElapsedCallback)
    HAL_TIM_ReadCapturedValue                0x08002f3d   Thumb Code    44  stm32f7xx_hal_tim.o(i.HAL_TIM_ReadCapturedValue)
    HAL_TIM_TriggerCallback                  0x08002f69   Thumb Code     2  stm32f7xx_hal_tim.o(i.HAL_TIM_TriggerCallback)
    HAL_UARTEx_ReceiveToIdle_DMA             0x08002f6b   Thumb Code    72  stm32f7xx_hal_uart_ex.o(i.HAL_UARTEx_ReceiveToIdle_DMA)
    HAL_UARTEx_RxEventCallback               0x08002fb5   Thumb Code   102  main.o(i.HAL_UARTEx_RxEventCallback)
    HAL_UART_ErrorCallback                   0x08003035   Thumb Code     2  stm32f7xx_hal_uart.o(i.HAL_UART_ErrorCallback)
    HAL_UART_IRQHandler                      0x08003039   Thumb Code   534  stm32f7xx_hal_uart.o(i.HAL_UART_IRQHandler)
    HAL_UART_Init                            0x08003259   Thumb Code   102  stm32f7xx_hal_uart.o(i.HAL_UART_Init)
    HAL_UART_MspInit                         0x080032c1   Thumb Code   804  usart.o(i.HAL_UART_MspInit)
    HAL_UART_RxCpltCallback                  0x08003625   Thumb Code     2  stm32f7xx_hal_uart.o(i.HAL_UART_RxCpltCallback)
    HAL_UART_RxHalfCpltCallback              0x08003627   Thumb Code     2  stm32f7xx_hal_uart.o(i.HAL_UART_RxHalfCpltCallback)
    HAL_UART_Transmit                        0x08003629   Thumb Code   184  stm32f7xx_hal_uart.o(i.HAL_UART_Transmit)
    HAL_UART_TxCpltCallback                  0x080036e1   Thumb Code     2  stm32f7xx_hal_uart.o(i.HAL_UART_TxCpltCallback)
    HardFault_Handler                        0x080036e3   Thumb Code     2  stm32f7xx_it.o(i.HardFault_Handler)
    MX_DMA_Init                              0x080036e5   Thumb Code   120  dma.o(i.MX_DMA_Init)
    MX_GPIO_Init                             0x08003761   Thumb Code   264  gpio.o(i.MX_GPIO_Init)
    MX_TIM1_Init                             0x08003881   Thumb Code   252  tim.o(i.MX_TIM1_Init)
    MX_TIM2_Init                             0x08003985   Thumb Code   196  tim.o(i.MX_TIM2_Init)
    MX_TIM3_Init                             0x08003a4d   Thumb Code   128  tim.o(i.MX_TIM3_Init)
    MX_TIM4_Init                             0x08003ad5   Thumb Code   148  tim.o(i.MX_TIM4_Init)
    MX_TIM5_Init                             0x08003b71   Thumb Code   128  tim.o(i.MX_TIM5_Init)
    MX_TIM6_Init                             0x08003bf9   Thumb Code    64  tim.o(i.MX_TIM6_Init)
    MX_UART4_Init                            0x08003c41   Thumb Code    52  usart.o(i.MX_UART4_Init)
    MX_UART5_Init                            0x08003c7d   Thumb Code    52  usart.o(i.MX_UART5_Init)
    MX_UART7_Init                            0x08003cb9   Thumb Code    52  usart.o(i.MX_UART7_Init)
    MX_UART8_Init                            0x08003cf5   Thumb Code    52  usart.o(i.MX_UART8_Init)
    MX_USART1_UART_Init                      0x08003d31   Thumb Code    52  usart.o(i.MX_USART1_UART_Init)
    MX_USART2_UART_Init                      0x08003d6d   Thumb Code    68  usart.o(i.MX_USART2_UART_Init)
    MX_USART3_UART_Init                      0x08003db9   Thumb Code    52  usart.o(i.MX_USART3_UART_Init)
    MemManage_Handler                        0x08003df5   Thumb Code     2  stm32f7xx_it.o(i.MemManage_Handler)
    NMI_Handler                              0x08003df7   Thumb Code     2  stm32f7xx_it.o(i.NMI_Handler)
    PendSV_Handler                           0x08003df9   Thumb Code     2  stm32f7xx_it.o(i.PendSV_Handler)
    QR_restore_default                       0x08003dfd   Thumb Code    26  qrcode.o(i.QR_restore_default)
    SVC_Handler                              0x08003e29   Thumb Code     2  stm32f7xx_it.o(i.SVC_Handler)
    Set_Steering_anticlockwise               0x08003e2b   Thumb Code    62  turnover_steering.o(i.Set_Steering_anticlockwise)
    Set_Steering_clockwise                   0x08003e69   Thumb Code    62  turnover_steering.o(i.Set_Steering_clockwise)
    Set_Steering_stop                        0x08003ea7   Thumb Code    62  turnover_steering.o(i.Set_Steering_stop)
    Steering_Init                            0x08003ee5   Thumb Code    18  turnover_steering.o(i.Steering_Init)
    SysTick_Handler                          0x08003efd   Thumb Code     4  stm32f7xx_it.o(i.SysTick_Handler)
    SystemClock_Config                       0x08003f01   Thumb Code   188  main.o(i.SystemClock_Config)
    SystemInit                               0x08003fc5   Thumb Code    12  system_stm32f7xx.o(i.SystemInit)
    TIM3CaptureChannel1Callback              0x08003fd5   Thumb Code   420  motor_encoder.o(i.TIM3CaptureChannel1Callback)
    TIM3CaptureChannel3Callback              0x08004189   Thumb Code   420  motor_encoder.o(i.TIM3CaptureChannel3Callback)
    TIM3_IRQHandler                          0x0800433d   Thumb Code     6  stm32f7xx_it.o(i.TIM3_IRQHandler)
    TIM3_IcOverflowCntCallback               0x08004349   Thumb Code    44  motor_encoder.o(i.TIM3_IcOverflowCntCallback)
    TIM5CaptureChannel1Callback              0x0800437d   Thumb Code   420  motor_encoder.o(i.TIM5CaptureChannel1Callback)
    TIM5CaptureChannel3Callback              0x08004531   Thumb Code   420  motor_encoder.o(i.TIM5CaptureChannel3Callback)
    TIM5_IRQHandler                          0x080046e5   Thumb Code     6  stm32f7xx_it.o(i.TIM5_IRQHandler)
    TIM5_IcOverflowCntCallback               0x080046f1   Thumb Code    44  motor_encoder.o(i.TIM5_IcOverflowCntCallback)
    TIM6_DAC_IRQHandler                      0x08004725   Thumb Code   104  time_cnt.o(i.TIM6_DAC_IRQHandler)
    TIM_Base_SetConfig                       0x08004795   Thumb Code   158  stm32f7xx_hal_tim.o(i.TIM_Base_SetConfig)
    TIM_CCxChannelCmd                        0x08004861   Thumb Code    26  stm32f7xx_hal_tim.o(i.TIM_CCxChannelCmd)
    TIM_ETR_SetConfig                        0x0800487b   Thumb Code    18  stm32f7xx_hal_tim.o(i.TIM_ETR_SetConfig)
    TIM_OC2_SetConfig                        0x08004911   Thumb Code   108  stm32f7xx_hal_tim.o(i.TIM_OC2_SetConfig)
    TIM_TI1_SetConfig                        0x08004b2d   Thumb Code   100  stm32f7xx_hal_tim.o(i.TIM_TI1_SetConfig)
    UART4_IRQHandler                         0x08004c09   Thumb Code     6  stm32f7xx_it.o(i.UART4_IRQHandler)
    UART5_IRQHandler                         0x08004c15   Thumb Code     6  stm32f7xx_it.o(i.UART5_IRQHandler)
    UART7_IRQHandler                         0x08004c21   Thumb Code     6  stm32f7xx_it.o(i.UART7_IRQHandler)
    UART8_IRQHandler                         0x08004c2d   Thumb Code     6  stm32f7xx_it.o(i.UART8_IRQHandler)
    UART_AdvFeatureConfig                    0x08004c39   Thumb Code   200  stm32f7xx_hal_uart.o(i.UART_AdvFeatureConfig)
    UART_CheckIdleState                      0x08004d01   Thumb Code    64  stm32f7xx_hal_uart.o(i.UART_CheckIdleState)
    UART_SetConfig                           0x08004e55   Thumb Code   518  stm32f7xx_hal_uart.o(i.UART_SetConfig)
    UART_Start_Receive_DMA                   0x08005089   Thumb Code   118  stm32f7xx_hal_uart.o(i.UART_Start_Receive_DMA)
    UART_WaitOnFlagUntilTimeout              0x0800510d   Thumb Code   164  stm32f7xx_hal_uart.o(i.UART_WaitOnFlagUntilTimeout)
    USART2_IRQHandler                        0x080051b1   Thumb Code     6  stm32f7xx_it.o(i.USART2_IRQHandler)
    UsageFault_Handler                       0x080051bd   Thumb Code     2  stm32f7xx_it.o(i.UsageFault_Handler)
    __ARM_fpclassify                         0x080051bf   Thumb Code    48  fpclassify.o(i.__ARM_fpclassify)
    __hardfp_cos                             0x08005211   Thumb Code   180  cos.o(i.__hardfp_cos)
    __hardfp_sin                             0x080052d9   Thumb Code   180  sin.o(i.__hardfp_sin)
    __ieee754_rem_pio2                       0x080053a1   Thumb Code   938  rred.o(i.__ieee754_rem_pio2)
    __kernel_cos                             0x080057d9   Thumb Code   322  cos_i.o(i.__kernel_cos)
    __kernel_poly                            0x08005949   Thumb Code   248  poly.o(i.__kernel_poly)
    __kernel_sin                             0x08005a41   Thumb Code   280  sin_i.o(i.__kernel_sin)
    __mathlib_dbl_infnan                     0x08005b71   Thumb Code    20  dunder.o(i.__mathlib_dbl_infnan)
    __mathlib_dbl_invalid                    0x08005b89   Thumb Code    24  dunder.o(i.__mathlib_dbl_invalid)
    __mathlib_dbl_underflow                  0x08005ba9   Thumb Code    24  dunder.o(i.__mathlib_dbl_underflow)
    __scatterload_copy                       0x08005bc9   Thumb Code    14  handlers.o(i.__scatterload_copy)
    __scatterload_null                       0x08005bd7   Thumb Code     2  handlers.o(i.__scatterload_null)
    __scatterload_zeroinit                   0x08005bd9   Thumb Code    14  handlers.o(i.__scatterload_zeroinit)
    __set_errno                              0x08005be9   Thumb Code     6  errno.o(i.__set_errno)
    blue_or_red                              0x08005bf5   Thumb Code    84  walk_task.o(i.blue_or_red)
    calculate_diviation                      0x08005c51   Thumb Code    56  track_task.o(i.calculate_diviation)
    change_chassis_status                    0x08005c89   Thumb Code     6  motor.o(i.change_chassis_status)
    chassis_synthetic_control                0x08005c95   Thumb Code   734  motor.o(i.chassis_synthetic_control)
    cmd_action_group_run                     0x08005fc9   Thumb Code    54  lsc.o(i.cmd_action_group_run)
    cmd_action_group_speed                   0x08006005   Thumb Code    54  lsc.o(i.cmd_action_group_speed)
    delay_init                               0x08006041   Thumb Code    26  bsp_delay.o(i.delay_init)
    delay_ms                                 0x08006069   Thumb Code    48  bsp_delay.o(i.delay_ms)
    distinguish_blue                         0x0800609d   Thumb Code    48  openmv.o(i.distinguish_blue)
    distinguish_red                          0x080060d1   Thumb Code    48  openmv.o(i.distinguish_red)
    fabs                                     0x08006105   Thumb Code    24  fabs.o(i.fabs)
    final_Catch_disc_blue                    0x0800611d   Thumb Code   114  catch_task.o(i.final_Catch_disc_blue)
    final_Catch_disc_red                     0x08006199   Thumb Code   126  catch_task.o(i.final_Catch_disc_red)
    get_ball_id                              0x08006221   Thumb Code   130  ats522.o(i.get_ball_id)
    go_home_blue                             0x080062a9   Thumb Code   310  walk_task.o(i.go_home_blue)
    go_home_red                              0x080063fd   Thumb Code   290  walk_task.o(i.go_home_red)
    hit_baffle_blue                          0x0800653d   Thumb Code   228  walk_task.o(i.hit_baffle_blue)
    hit_baffle_red                           0x08006631   Thumb Code   228  walk_task.o(i.hit_baffle_red)
    look_for_location                        0x08006725   Thumb Code    40  put_task.o(i.look_for_location)
    main                                     0x08006755   Thumb Code   190  main.o(i.main)
    motor1_Enable                            0x08006851   Thumb Code    58  motor_config.o(i.motor1_Enable)
    motor2_Enable                            0x08006899   Thumb Code    62  motor_config.o(i.motor2_Enable)
    motor3_Enable                            0x080068e5   Thumb Code    64  motor_config.o(i.motor3_Enable)
    motor4_Enable                            0x08006931   Thumb Code    64  motor_config.o(i.motor4_Enable)
    motor_pid_data_init                      0x0800697d   Thumb Code    52  motor_task.o(i.motor_pid_data_init)
    move_by_encoder                          0x080069b5   Thumb Code   654  motor.o(i.move_by_encoder)
    path_plan_blue                           0x08006c75   Thumb Code   538  walk_task.o(i.path_plan_blue)
    path_plan_red                            0x08006ec5   Thumb Code   560  walk_task.o(i.path_plan_red)
    pid_incremental                          0x08007125   Thumb Code   264  pid.o(i.pid_incremental)
    pid_positional                           0x08007241   Thumb Code   288  pid.o(i.pid_positional)
    put_1th                                  0x08007371   Thumb Code    72  put_task.o(i.put_1th)
    put_2th                                  0x080073bd   Thumb Code    72  put_task.o(i.put_2th)
    put_3th                                  0x08007409   Thumb Code    72  put_task.o(i.put_3th)
    re_and_final_lay_blue                    0x08007455   Thumb Code   164  put_task.o(i.re_and_final_lay_blue)
    re_and_final_lay_red                     0x080074f9   Thumb Code   164  put_task.o(i.re_and_final_lay_red)
    read_freq                                0x0800759d   Thumb Code    30  motor_task.o(i.read_freq)
    receive_ats522_IRQ                       0x080075bd   Thumb Code    38  ats522.o(i.receive_ats522_IRQ)
    receive_ats522_Init                      0x080075ed   Thumb Code    14  ats522.o(i.receive_ats522_Init)
    receive_openmv_IRQ                       0x08007605   Thumb Code    34  openmv.o(i.receive_openmv_IRQ)
    receive_openmv_Init                      0x08007631   Thumb Code    14  openmv.o(i.receive_openmv_Init)
    receive_qrcode_IRQ                       0x08007649   Thumb Code    32  qrcode.o(i.receive_qrcode_IRQ)
    receive_qrcode_Init                      0x08007671   Thumb Code    14  qrcode.o(i.receive_qrcode_Init)
    receive_trackboard_IRQ                   0x08007689   Thumb Code    32  trackboard.o(i.receive_trackboard_IRQ)
    receive_trackboard_Init                  0x080076b1   Thumb Code    14  trackboard.o(i.receive_trackboard_Init)
    send_Anticoll                            0x080076c9   Thumb Code    76  ats522.o(i.send_Anticoll)
    send_Authkey                             0x0800771d   Thumb Code   108  ats522.o(i.send_Authkey)
    send_Read                                0x08007791   Thumb Code    72  ats522.o(i.send_Read)
    send_Request                             0x080077e1   Thumb Code    74  ats522.o(i.send_Request)
    send_Select                              0x08007835   Thumb Code    90  ats522.o(i.send_Select)
    servogroup_Init                          0x08007899   Thumb Code     8  lsc.o(i.servogroup_Init)
    servogroup_InitInit                      0x080078a1   Thumb Code     8  lsc.o(i.servogroup_InitInit)
    servogroup_Stepped_distinguish           0x080078a9   Thumb Code    22  lsc.o(i.servogroup_Stepped_distinguish)
    servogroup_Steppedplatform_1_to_storehouse 0x080078bf   Thumb Code    22  lsc.o(i.servogroup_Steppedplatform_1_to_storehouse)
    servogroup_Steppedplatform_2_to_storehouse 0x080078d5   Thumb Code    22  lsc.o(i.servogroup_Steppedplatform_2_to_storehouse)
    servogroup_Steppedplatform_3_to_storehouse 0x080078eb   Thumb Code    22  lsc.o(i.servogroup_Steppedplatform_3_to_storehouse)
    servogroup_Stripplatform_to_storehouse   0x08007901   Thumb Code    22  lsc.o(i.servogroup_Stripplatform_to_storehouse)
    servogroup_catch_Steppedplatform_1       0x08007917   Thumb Code    22  lsc.o(i.servogroup_catch_Steppedplatform_1)
    servogroup_catch_Steppedplatform_2       0x0800792d   Thumb Code    22  lsc.o(i.servogroup_catch_Steppedplatform_2)
    servogroup_catch_Steppedplatform_3       0x08007943   Thumb Code    22  lsc.o(i.servogroup_catch_Steppedplatform_3)
    servogroup_catch_Stripplatform           0x08007959   Thumb Code    22  lsc.o(i.servogroup_catch_Stripplatform)
    servogroup_catch_disc_blue               0x0800796f   Thumb Code     8  lsc.o(i.servogroup_catch_disc_blue)
    servogroup_disc_to_storehouse_blue       0x08007977   Thumb Code     8  lsc.o(i.servogroup_disc_to_storehouse_blue)
    servogroup_floor_1_to_storehouse         0x0800797f   Thumb Code    22  lsc.o(i.servogroup_floor_1_to_storehouse)
    servogroup_floor_2_to_storehouse         0x08007995   Thumb Code    22  lsc.o(i.servogroup_floor_2_to_storehouse)
    servogroup_floor_3_to_storehouse         0x080079ab   Thumb Code    22  lsc.o(i.servogroup_floor_3_to_storehouse)
    servogroup_storehouse_to_floor_1         0x080079c1   Thumb Code    22  lsc.o(i.servogroup_storehouse_to_floor_1)
    servogroup_storehouse_to_floor_2         0x080079d7   Thumb Code    22  lsc.o(i.servogroup_storehouse_to_floor_2)
    servogroup_storehouse_to_floor_3         0x080079ed   Thumb Code    22  lsc.o(i.servogroup_storehouse_to_floor_3)
    servogroup_switch                        0x08007a03   Thumb Code     8  lsc.o(i.servogroup_switch)
    set_chassis_speed                        0x08007a0d   Thumb Code     8  motor.o(i.set_chassis_speed)
    set_motor_speed                          0x08007a19   Thumb Code   212  motor_pwm.o(i.set_motor_speed)
    set_track_status                         0x08007aed   Thumb Code     4  track_task.o(i.set_track_status)
    span                                     0x08007af1   Thumb Code   234  turntable_task.o(i.span)
    stack_transfer_back_1                    0x08007bed   Thumb Code     8  lsc.o(i.stack_transfer_back_1)
    stack_transfer_back_2                    0x08007bf5   Thumb Code     8  lsc.o(i.stack_transfer_back_2)
    stack_transfer_back_3                    0x08007bfd   Thumb Code     8  lsc.o(i.stack_transfer_back_3)
    stack_transfer_blue                      0x08007c05   Thumb Code   462  stack_transfer.o(i.stack_transfer_blue)
    stack_transfer_catch_1                   0x08007de5   Thumb Code     8  lsc.o(i.stack_transfer_catch_1)
    stack_transfer_catch_2                   0x08007ded   Thumb Code     8  lsc.o(i.stack_transfer_catch_2)
    stack_transfer_catch_3                   0x08007df5   Thumb Code     8  lsc.o(i.stack_transfer_catch_3)
    stack_transfer_distinguish_1             0x08007dfd   Thumb Code     8  lsc.o(i.stack_transfer_distinguish_1)
    stack_transfer_distinguish_2             0x08007e05   Thumb Code     8  lsc.o(i.stack_transfer_distinguish_2)
    stack_transfer_distinguish_3             0x08007e0d   Thumb Code     8  lsc.o(i.stack_transfer_distinguish_3)
    stack_transfer_put_1                     0x08007e15   Thumb Code     8  lsc.o(i.stack_transfer_put_1)
    stack_transfer_put_2                     0x08007e1d   Thumb Code     8  lsc.o(i.stack_transfer_put_2)
    stack_transfer_put_3                     0x08007e25   Thumb Code     8  lsc.o(i.stack_transfer_put_3)
    stack_transfer_red                       0x08007e2d   Thumb Code   468  stack_transfer.o(i.stack_transfer_red)
    tell_claw_to_catch                       0x08008011   Thumb Code    54  openmv.o(i.tell_claw_to_catch)
    tell_openmv_to_catch_red_disc            0x0800804d   Thumb Code    48  openmv.o(i.tell_openmv_to_catch_red_disc)
    tell_openmv_to_distinguish_Stepped       0x08008081   Thumb Code    48  openmv.o(i.tell_openmv_to_distinguish_Stepped)
    tell_openmv_to_distinguish_Strip         0x080080b5   Thumb Code    46  openmv.o(i.tell_openmv_to_distinguish_Strip)
    tell_openmv_to_loosen                    0x080080e9   Thumb Code    46  openmv.o(i.tell_openmv_to_loosen)
    tell_openmv_to_transfer                  0x0800811d   Thumb Code    48  openmv.o(i.tell_openmv_to_transfer)
    tell_openmv_to_transfer_blue             0x08008151   Thumb Code    48  openmv.o(i.tell_openmv_to_transfer_blue)
    tell_openmv_to_transfer_red              0x08008185   Thumb Code    48  openmv.o(i.tell_openmv_to_transfer_red)
    track_pid                                0x080081b9   Thumb Code    56  track_task.o(i.track_pid)
    track_pid_data_init                      0x080081fd   Thumb Code    52  track_task.o(i.track_pid_data_init)
    walk_line2_to_line_1_blue                0x08008235   Thumb Code    70  walk_task.o(i.walk_line2_to_line_1_blue)
    walk_line2_to_line_1_red                 0x08008285   Thumb Code    70  walk_task.o(i.walk_line2_to_line_1_red)
    walk_line3_to_line2_red                  0x080082d5   Thumb Code    70  walk_task.o(i.walk_line3_to_line2_red)
    walk_one_warehouse_blue                  0x08008325   Thumb Code    70  walk_task.o(i.walk_one_warehouse_blue)
    walk_to_warehouse_column4_red            0x08008375   Thumb Code    70  walk_task.o(i.walk_to_warehouse_column4_red)
    walk_to_workspace_blue                   0x080083c5   Thumb Code    70  walk_task.o(i.walk_to_workspace_blue)
    walk_to_workspace_red                    0x08008415   Thumb Code    74  walk_task.o(i.walk_to_workspace_red)
    walk_two_warehouse_blue                  0x0800846d   Thumb Code    74  walk_task.o(i.walk_two_warehouse_blue)
    walk_two_warehouse_red                   0x080084c1   Thumb Code    74  walk_task.o(i.walk_two_warehouse_red)
    AHBPrescTable                            0x0800851c   Data          16  system_stm32f7xx.o(.constdata)
    APBPrescTable                            0x0800852c   Data           8  system_stm32f7xx.o(.constdata)
    Region$$Table$$Base                      0x08008658   Number         0  anon$$obj.o(Region$$Table)
    Region$$Table$$Limit                     0x08008678   Number         0  anon$$obj.o(Region$$Table)
    encoder                                  0x2000000c   Data           4  motor_encoder.o(.data)
    waittime                                 0x20000088   Data           4  time_cnt.o(.data)
    TIME_ISR_CNT                             0x2000008c   Data           4  time_cnt.o(.data)
    Time_Sys                                 0x20000090   Data           8  time_cnt.o(.data)
    time_count                               0x200000a0   Data           2  motor.o(.data)
    time                                     0x200000a4   Data           4  motor.o(.data)
    val_track_front                          0x200000a8   Data           4  motor.o(.data)
    val_imu                                  0x200000ac   Data           4  motor.o(.data)
    back_bar                                 0x200000b0   Data          20  trackboard.o(.data)
    TRACK_Rx_BUF_UPADTED                     0x200000c4   Data           1  trackboard.o(.data)
    TRACK_Rx_bit                             0x200000c5   Data           1  trackboard.o(.data)
    QRCODE_Rx_BUF_UPADTED                    0x200000c6   Data           1  qrcode.o(.data)
    QRCODE_Rx_bit                            0x200000c7   Data           1  qrcode.o(.data)
    qrcode                                   0x200000c8   Data           8  qrcode.o(.data)
    ATS522_Rx_BUF_UPADTED                    0x200000d0   Data           1  ats522.o(.data)
    ATS522_Rx_bit                            0x200000d1   Data           1  ats522.o(.data)
    OPENMV_Rx_BUF_UPADTED                    0x200000d2   Data           1  openmv.o(.data)
    OPENMV_Rx_bit                            0x200000d3   Data           1  openmv.o(.data)
    openmv                                   0x200000d4   Data           8  openmv.o(.data)
    Iout                                     0x200000dc   Data           4  pid.o(.data)
    Pout                                     0x200000e0   Data           4  pid.o(.data)
    Dout                                     0x200000e4   Data           4  pid.o(.data)
    motor1_pid_paramer                       0x200000e8   Data          20  motor_task.o(.data)
    motor2_pid_paramer                       0x200000fc   Data          20  motor_task.o(.data)
    motor3_pid_paramer                       0x20000110   Data          20  motor_task.o(.data)
    motor4_pid_paramer                       0x20000124   Data          20  motor_task.o(.data)
    track_pid_paramer                        0x20000138   Data          20  track_task.o(.data)
    front_weight                             0x2000014c   Data          36  track_task.o(.data)
    back_weight                              0x20000170   Data          36  track_task.o(.data)
    red_mode                                 0x20000194   Data           1  walk_task.o(.data)
    blue_mode                                0x20000195   Data           1  walk_task.o(.data)
    span_flag                                0x20000198   Data           1  turntable_task.o(.data)
    flag                                     0x200001a0   Data           1  catch_task.o(.data)
    height                                   0x200001a1   Data           1  catch_task.o(.data)
    found                                    0x200001a2   Data           1  put_task.o(.data)
    idx                                      0x200001a3   Data           1  put_task.o(.data)
    putBallOrder                             0x200001a4   Data           9  put_task.o(.data)
    if_ball                                  0x200001b0   Data           1  stack_transfer.o(.data)
    error_red_1                              0x200001b4   Data           4  stack_transfer.o(.data)
    error_red_2                              0x200001b8   Data           4  stack_transfer.o(.data)
    error_red_3                              0x200001bc   Data           4  stack_transfer.o(.data)
    error_blue_1                             0x200001c0   Data           4  stack_transfer.o(.data)
    error_blue_2                             0x200001c4   Data           4  stack_transfer.o(.data)
    error_blue_3                             0x200001c8   Data           4  stack_transfer.o(.data)
    uwTickFreq                               0x200001cc   Data           1  stm32f7xx_hal.o(.data)
    uwTickPrio                               0x200001d0   Data           4  stm32f7xx_hal.o(.data)
    uwTick                                   0x200001d4   Data           4  stm32f7xx_hal.o(.data)
    SystemCoreClock                          0x200001d8   Data           4  system_stm32f7xx.o(.data)
    htim1                                    0x200001e0   Data          76  tim.o(.bss)
    htim2                                    0x2000022c   Data          76  tim.o(.bss)
    htim3                                    0x20000278   Data          76  tim.o(.bss)
    htim4                                    0x200002c4   Data          76  tim.o(.bss)
    htim5                                    0x20000310   Data          76  tim.o(.bss)
    htim6                                    0x2000035c   Data          76  tim.o(.bss)
    huart4                                   0x200003a8   Data         132  usart.o(.bss)
    huart5                                   0x2000042c   Data         132  usart.o(.bss)
    huart7                                   0x200004b0   Data         132  usart.o(.bss)
    huart8                                   0x20000534   Data         132  usart.o(.bss)
    huart1                                   0x200005b8   Data         132  usart.o(.bss)
    huart2                                   0x2000063c   Data         132  usart.o(.bss)
    huart3                                   0x200006c0   Data         132  usart.o(.bss)
    hdma_uart4_rx                            0x20000744   Data          96  usart.o(.bss)
    hdma_uart7_rx                            0x200007a4   Data          96  usart.o(.bss)
    hdma_uart8_rx                            0x20000804   Data          96  usart.o(.bss)
    hdma_usart1_rx                           0x20000864   Data          96  usart.o(.bss)
    hdma_usart2_rx                           0x200008c4   Data          96  usart.o(.bss)
    motor1                                   0x20000924   Data          36  motor_config.o(.bss)
    motor2                                   0x20000948   Data          36  motor_config.o(.bss)
    motor3                                   0x2000096c   Data          36  motor_config.o(.bss)
    motor4                                   0x20000990   Data          36  motor_config.o(.bss)
    turnover_steering                        0x200009b4   Data          12  turnover_steering.o(.bss)
    chassis_param                            0x200009c0   Data          16  motor.o(.bss)
    motor_target                             0x200009d0   Data          40  motor.o(.bss)
    front_bar                                0x200009f8   Data          20  trackboard.o(.bss)
    TRACK_Rx_BUF                             0x20000a0c   Data          14  trackboard.o(.bss)
    QRCODE_Rx_BUF                            0x20000a1a   Data          18  qrcode.o(.bss)
    ATS522_Rx_BUF                            0x20000a2c   Data         108  ats522.o(.bss)
    ats522                                   0x20000a98   Data          28  ats522.o(.bss)
    ATS522_Tx_BUF                            0x20000ab4   Data          54  ats522.o(.bss)
    OPENMV_Rx_BUF                            0x20000aea   Data          12  openmv.o(.bss)
    motor1_pid_data                          0x20000af8   Data          64  motor_task.o(.bss)
    motor2_pid_data                          0x20000b38   Data          64  motor_task.o(.bss)
    motor3_pid_data                          0x20000b78   Data          64  motor_task.o(.bss)
    motor4_pid_data                          0x20000bb8   Data          64  motor_task.o(.bss)
    track_pid_data                           0x20000bf8   Data          64  track_task.o(.bss)
    IDLocation                               0x20000c38   Data          12  catch_task.o(.bss)
    __initial_sp                             0x20001048   Data           0  startup_stm32f750xx.o(STACK)



==============================================================================

Memory Map of the image

  Image Entry point : 0x080001c9

  Load Region LR_IROM1 (Base: 0x08000000, Size: 0x00008858, Max: 0x00010000, ABSOLUTE, COMPRESSED[0x000086d8])

    Execution Region ER_IROM1 (Exec base: 0x08000000, Load base: 0x08000000, Size: 0x00008678, Max: 0x00010000, ABSOLUTE)

    Exec Addr    Load Addr    Size         Type   Attr      Idx    E Section Name        Object

    0x08000000   0x08000000   0x000001c8   Data   RO          742    RESET               startup_stm32f750xx.o
    0x080001c8   0x080001c8   0x00000000   Code   RO         5565  * .ARM.Collect$$$$00000000  mc_w.l(entry.o)
    0x080001c8   0x080001c8   0x00000004   Code   RO         5883    .ARM.Collect$$$$00000001  mc_w.l(entry2.o)
    0x080001cc   0x080001cc   0x00000004   Code   RO         5886    .ARM.Collect$$$$00000004  mc_w.l(entry5.o)
    0x080001d0   0x080001d0   0x00000000   Code   RO         5888    .ARM.Collect$$$$00000008  mc_w.l(entry7b.o)
    0x080001d0   0x080001d0   0x00000000   Code   RO         5890    .ARM.Collect$$$$0000000A  mc_w.l(entry8b.o)
    0x080001d0   0x080001d0   0x00000008   Code   RO         5891    .ARM.Collect$$$$0000000B  mc_w.l(entry9a.o)
    0x080001d8   0x080001d8   0x00000004   Code   RO         5898    .ARM.Collect$$$$0000000E  mc_w.l(entry12b.o)
    0x080001dc   0x080001dc   0x00000000   Code   RO         5893    .ARM.Collect$$$$0000000F  mc_w.l(entry10a.o)
    0x080001dc   0x080001dc   0x00000000   Code   RO         5895    .ARM.Collect$$$$00000011  mc_w.l(entry11a.o)
    0x080001dc   0x080001dc   0x00000004   Code   RO         5884    .ARM.Collect$$$$00002712  mc_w.l(entry2.o)
    0x080001e0   0x080001e0   0x00000024   Code   RO          743    .text               startup_stm32f750xx.o
    0x08000204   0x08000204   0x00000062   Code   RO         5568    .text               mc_w.l(uldiv.o)
    0x08000266   0x08000266   0x00000024   Code   RO         5570    .text               mc_w.l(memseta.o)
    0x0800028a   0x0800028a   0x0000014e   Code   RO         5833    .text               mf_w.l(dadd.o)
    0x080003d8   0x080003d8   0x000000e4   Code   RO         5835    .text               mf_w.l(dmul.o)
    0x080004bc   0x080004bc   0x000000de   Code   RO         5837    .text               mf_w.l(ddiv.o)
    0x0800059a   0x0800059a   0x00000022   Code   RO         5841    .text               mf_w.l(dflti.o)
    0x080005bc   0x080005bc   0x0000001a   Code   RO         5843    .text               mf_w.l(dfltui.o)
    0x080005d6   0x080005d6   0x0000003e   Code   RO         5845    .text               mf_w.l(dfixi.o)
    0x08000614   0x08000614   0x00000026   Code   RO         5847    .text               mf_w.l(f2d.o)
    0x0800063a   0x0800063a   0x00000002   PAD
    0x0800063c   0x0800063c   0x00000030   Code   RO         5849    .text               mf_w.l(cdcmple.o)
    0x0800066c   0x0800066c   0x00000030   Code   RO         5851    .text               mf_w.l(cdrcmple.o)
    0x0800069c   0x0800069c   0x00000038   Code   RO         5853    .text               mf_w.l(d2f.o)
    0x080006d4   0x080006d4   0x0000001e   Code   RO         5902    .text               mc_w.l(llshl.o)
    0x080006f2   0x080006f2   0x00000020   Code   RO         5904    .text               mc_w.l(llushr.o)
    0x08000712   0x08000712   0x00000024   Code   RO         5906    .text               mc_w.l(llsshr.o)
    0x08000736   0x08000736   0x00000000   Code   RO         5915    .text               mc_w.l(iusefp.o)
    0x08000736   0x08000736   0x0000006e   Code   RO         5916    .text               mf_w.l(fepilogue.o)
    0x080007a4   0x080007a4   0x000000ba   Code   RO         5918    .text               mf_w.l(depilogue.o)
    0x0800085e   0x0800085e   0x00000002   PAD
    0x08000860   0x08000860   0x00000024   Code   RO         5932    .text               mc_w.l(init.o)
    0x08000884   0x08000884   0x00000056   Code   RO         5942    .text               mc_w.l(__dczerorl2.o)
    0x080008da   0x080008da   0x00000002   Code   RO          475    i.BusFault_Handler  stm32f7xx_it.o
    0x080008dc   0x080008dc   0x000001c0   Code   RO         2177    i.Catch_Steppedplatform_blue  catch_task.o
    0x08000a9c   0x08000a9c   0x000001e0   Code   RO         2178    i.Catch_Steppedplatform_red  catch_task.o
    0x08000c7c   0x08000c7c   0x0000000e   Code   RO         1259    i.Clear_SendBUF     ats522.o
    0x08000c8a   0x08000c8a   0x00000002   PAD
    0x08000c8c   0x08000c8c   0x0000000c   Code   RO          476    i.DMA1_Stream2_IRQHandler  stm32f7xx_it.o
    0x08000c98   0x08000c98   0x0000000c   Code   RO          477    i.DMA1_Stream3_IRQHandler  stm32f7xx_it.o
    0x08000ca4   0x08000ca4   0x0000000c   Code   RO          478    i.DMA1_Stream5_IRQHandler  stm32f7xx_it.o
    0x08000cb0   0x08000cb0   0x0000000c   Code   RO          479    i.DMA1_Stream6_IRQHandler  stm32f7xx_it.o
    0x08000cbc   0x08000cbc   0x0000000c   Code   RO          480    i.DMA2_Stream2_IRQHandler  stm32f7xx_it.o
    0x08000cc8   0x08000cc8   0x00000028   Code   RO         3929    i.DMA_CalcBaseAndBitshift  stm32f7xx_hal_dma.o
    0x08000cf0   0x08000cf0   0x00000054   Code   RO         3930    i.DMA_CheckFifoParam  stm32f7xx_hal_dma.o
    0x08000d44   0x08000d44   0x00000028   Code   RO         3931    i.DMA_SetConfig     stm32f7xx_hal_dma.o
    0x08000d6c   0x08000d6c   0x00000002   Code   RO          481    i.DebugMon_Handler  stm32f7xx_it.o
    0x08000d6e   0x08000d6e   0x00000004   Code   RO            4    i.Error_Handler     main.o
    0x08000d72   0x08000d72   0x00000002   PAD
    0x08000d74   0x08000d74   0x00000048   Code   RO          912    i.Get_Time_Period   time_cnt.o
    0x08000dbc   0x08000dbc   0x000000c8   Code   RO         1260    i.Get_ats522        ats522.o
    0x08000e84   0x08000e84   0x00000048   Code   RO         1668    i.Get_openmv        openmv.o
    0x08000ecc   0x08000ecc   0x0000005c   Code   RO         1185    i.Get_qrcode        qrcode.o
    0x08000f28   0x08000f28   0x000000f8   Code   RO         1135    i.Get_trackboard    trackboard.o
    0x08001020   0x08001020   0x00000092   Code   RO         3932    i.HAL_DMA_Abort     stm32f7xx_hal_dma.o
    0x080010b2   0x080010b2   0x00000024   Code   RO         3933    i.HAL_DMA_Abort_IT  stm32f7xx_hal_dma.o
    0x080010d6   0x080010d6   0x00000002   PAD
    0x080010d8   0x080010d8   0x000001a0   Code   RO         3937    i.HAL_DMA_IRQHandler  stm32f7xx_hal_dma.o
    0x08001278   0x08001278   0x000000e4   Code   RO         3938    i.HAL_DMA_Init      stm32f7xx_hal_dma.o
    0x0800135c   0x0800135c   0x0000007a   Code   RO         3942    i.HAL_DMA_Start_IT  stm32f7xx_hal_dma.o
    0x080013d6   0x080013d6   0x00000002   PAD
    0x080013d8   0x080013d8   0x00000024   Code   RO         4299    i.HAL_Delay         stm32f7xx_hal.o
    0x080013fc   0x080013fc   0x000001d8   Code   RO         3866    i.HAL_GPIO_Init     stm32f7xx_hal_gpio.o
    0x080015d4   0x080015d4   0x0000000a   Code   RO         3868    i.HAL_GPIO_ReadPin  stm32f7xx_hal_gpio.o
    0x080015de   0x080015de   0x00000002   PAD
    0x080015e0   0x080015e0   0x0000000c   Code   RO         4307    i.HAL_GetTick       stm32f7xx_hal.o
    0x080015ec   0x080015ec   0x00000010   Code   RO         4313    i.HAL_IncTick       stm32f7xx_hal.o
    0x080015fc   0x080015fc   0x00000024   Code   RO         4314    i.HAL_Init          stm32f7xx_hal.o
    0x08001620   0x08001620   0x00000040   Code   RO         4315    i.HAL_InitTick      stm32f7xx_hal.o
    0x08001660   0x08001660   0x00000030   Code   RO          719    i.HAL_MspInit       stm32f7xx_hal_msp.o
    0x08001690   0x08001690   0x0000001a   Code   RO         2394    i.HAL_NVIC_EnableIRQ  stm32f7xx_hal_cortex.o
    0x080016aa   0x080016aa   0x00000002   PAD
    0x080016ac   0x080016ac   0x00000040   Code   RO         2400    i.HAL_NVIC_SetPriority  stm32f7xx_hal_cortex.o
    0x080016ec   0x080016ec   0x00000024   Code   RO         2401    i.HAL_NVIC_SetPriorityGrouping  stm32f7xx_hal_cortex.o
    0x08001710   0x08001710   0x0000006c   Code   RO         4206    i.HAL_PWREx_EnableOverDrive  stm32f7xx_hal_pwr_ex.o
    0x0800177c   0x0800177c   0x000004fc   Code   RO         3627    i.HAL_RCCEx_PeriphCLKConfig  stm32f7xx_hal_rcc_ex.o
    0x08001c78   0x08001c78   0x00000130   Code   RO         3520    i.HAL_RCC_ClockConfig  stm32f7xx_hal_rcc.o
    0x08001da8   0x08001da8   0x00000020   Code   RO         3527    i.HAL_RCC_GetPCLK1Freq  stm32f7xx_hal_rcc.o
    0x08001dc8   0x08001dc8   0x00000020   Code   RO         3528    i.HAL_RCC_GetPCLK2Freq  stm32f7xx_hal_rcc.o
    0x08001de8   0x08001de8   0x00000060   Code   RO         3529    i.HAL_RCC_GetSysClockFreq  stm32f7xx_hal_rcc.o
    0x08001e48   0x08001e48   0x00000384   Code   RO         3532    i.HAL_RCC_OscConfig  stm32f7xx_hal_rcc.o
    0x080021cc   0x080021cc   0x00000026   Code   RO         2405    i.HAL_SYSTICK_Config  stm32f7xx_hal_cortex.o
    0x080021f2   0x080021f2   0x00000002   Code   RO         3240    i.HAL_TIMEx_Break2Callback  stm32f7xx_hal_tim_ex.o
    0x080021f4   0x080021f4   0x00000002   Code   RO         3241    i.HAL_TIMEx_BreakCallback  stm32f7xx_hal_tim_ex.o
    0x080021f6   0x080021f6   0x00000002   Code   RO         3242    i.HAL_TIMEx_CommutCallback  stm32f7xx_hal_tim_ex.o
    0x080021f8   0x080021f8   0x000000a0   Code   RO         3244    i.HAL_TIMEx_ConfigBreakDeadTime  stm32f7xx_hal_tim_ex.o
    0x08002298   0x08002298   0x000000a4   Code   RO         3261    i.HAL_TIMEx_MasterConfigSynchronization  stm32f7xx_hal_tim_ex.o
    0x0800233c   0x0800233c   0x00000062   Code   RO         2526    i.HAL_TIM_Base_Init  stm32f7xx_hal_tim.o
    0x0800239e   0x0800239e   0x00000002   PAD
    0x080023a0   0x080023a0   0x0000007c   Code   RO          302    i.HAL_TIM_Base_MspInit  tim.o
    0x0800241c   0x0800241c   0x0000008c   Code   RO         2531    i.HAL_TIM_Base_Start_IT  stm32f7xx_hal_tim.o
    0x080024a8   0x080024a8   0x000000dc   Code   RO         2535    i.HAL_TIM_ConfigClockSource  stm32f7xx_hal_tim.o
    0x08002584   0x08002584   0x0000011c   Code   RO          750    i.HAL_TIM_IC_CaptureCallback  motor_encoder.o
    0x080026a0   0x080026a0   0x0000010e   Code   RO         2562    i.HAL_TIM_IC_ConfigChannel  stm32f7xx_hal_tim.o
    0x080027ae   0x080027ae   0x00000062   Code   RO         2565    i.HAL_TIM_IC_Init   stm32f7xx_hal_tim.o
    0x08002810   0x08002810   0x000000e8   Code   RO          304    i.HAL_TIM_IC_MspInit  tim.o
    0x080028f8   0x080028f8   0x00000140   Code   RO         2570    i.HAL_TIM_IC_Start_IT  stm32f7xx_hal_tim.o
    0x08002a38   0x08002a38   0x00000182   Code   RO         2574    i.HAL_TIM_IRQHandler  stm32f7xx_hal_tim.o
    0x08002bba   0x08002bba   0x00000002   PAD
    0x08002bbc   0x08002bbc   0x000000d4   Code   RO          305    i.HAL_TIM_MspPostInit  tim.o
    0x08002c90   0x08002c90   0x00000002   Code   RO         2577    i.HAL_TIM_OC_DelayElapsedCallback  stm32f7xx_hal_tim.o
    0x08002c92   0x08002c92   0x0000011e   Code   RO         2598    i.HAL_TIM_PWM_ConfigChannel  stm32f7xx_hal_tim.o
    0x08002db0   0x08002db0   0x00000062   Code   RO         2601    i.HAL_TIM_PWM_Init  stm32f7xx_hal_tim.o
    0x08002e12   0x08002e12   0x00000002   Code   RO         2603    i.HAL_TIM_PWM_MspInit  stm32f7xx_hal_tim.o
    0x08002e14   0x08002e14   0x00000002   Code   RO         2604    i.HAL_TIM_PWM_PulseFinishedCallback  stm32f7xx_hal_tim.o
    0x08002e16   0x08002e16   0x00000002   PAD
    0x08002e18   0x08002e18   0x000000f8   Code   RO         2606    i.HAL_TIM_PWM_Start  stm32f7xx_hal_tim.o
    0x08002f10   0x08002f10   0x0000002c   Code   RO          751    i.HAL_TIM_PeriodElapsedCallback  motor_encoder.o
    0x08002f3c   0x08002f3c   0x0000002c   Code   RO         2614    i.HAL_TIM_ReadCapturedValue  stm32f7xx_hal_tim.o
    0x08002f68   0x08002f68   0x00000002   Code   RO         2617    i.HAL_TIM_TriggerCallback  stm32f7xx_hal_tim.o
    0x08002f6a   0x08002f6a   0x00000048   Code   RO         5461    i.HAL_UARTEx_ReceiveToIdle_DMA  stm32f7xx_hal_uart_ex.o
    0x08002fb2   0x08002fb2   0x00000002   PAD
    0x08002fb4   0x08002fb4   0x00000080   Code   RO            5    i.HAL_UARTEx_RxEventCallback  main.o
    0x08003034   0x08003034   0x00000002   Code   RO         5091    i.HAL_UART_ErrorCallback  stm32f7xx_hal_uart.o
    0x08003036   0x08003036   0x00000002   PAD
    0x08003038   0x08003038   0x00000220   Code   RO         5094    i.HAL_UART_IRQHandler  stm32f7xx_hal_uart.o
    0x08003258   0x08003258   0x00000066   Code   RO         5095    i.HAL_UART_Init     stm32f7xx_hal_uart.o
    0x080032be   0x080032be   0x00000002   PAD
    0x080032c0   0x080032c0   0x00000364   Code   RO          392    i.HAL_UART_MspInit  usart.o
    0x08003624   0x08003624   0x00000002   Code   RO         5102    i.HAL_UART_RxCpltCallback  stm32f7xx_hal_uart.o
    0x08003626   0x08003626   0x00000002   Code   RO         5103    i.HAL_UART_RxHalfCpltCallback  stm32f7xx_hal_uart.o
    0x08003628   0x08003628   0x000000b8   Code   RO         5104    i.HAL_UART_Transmit  stm32f7xx_hal_uart.o
    0x080036e0   0x080036e0   0x00000002   Code   RO         5107    i.HAL_UART_TxCpltCallback  stm32f7xx_hal_uart.o
    0x080036e2   0x080036e2   0x00000002   Code   RO          482    i.HardFault_Handler  stm32f7xx_it.o
    0x080036e4   0x080036e4   0x0000007c   Code   RO          277    i.MX_DMA_Init       dma.o
    0x08003760   0x08003760   0x00000120   Code   RO          253    i.MX_GPIO_Init      gpio.o
    0x08003880   0x08003880   0x00000104   Code   RO          306    i.MX_TIM1_Init      tim.o
    0x08003984   0x08003984   0x000000c8   Code   RO          307    i.MX_TIM2_Init      tim.o
    0x08003a4c   0x08003a4c   0x00000088   Code   RO          308    i.MX_TIM3_Init      tim.o
    0x08003ad4   0x08003ad4   0x0000009c   Code   RO          309    i.MX_TIM4_Init      tim.o
    0x08003b70   0x08003b70   0x00000088   Code   RO          310    i.MX_TIM5_Init      tim.o
    0x08003bf8   0x08003bf8   0x00000048   Code   RO          311    i.MX_TIM6_Init      tim.o
    0x08003c40   0x08003c40   0x0000003c   Code   RO          393    i.MX_UART4_Init     usart.o
    0x08003c7c   0x08003c7c   0x0000003c   Code   RO          394    i.MX_UART5_Init     usart.o
    0x08003cb8   0x08003cb8   0x0000003c   Code   RO          395    i.MX_UART7_Init     usart.o
    0x08003cf4   0x08003cf4   0x0000003c   Code   RO          396    i.MX_UART8_Init     usart.o
    0x08003d30   0x08003d30   0x0000003c   Code   RO          397    i.MX_USART1_UART_Init  usart.o
    0x08003d6c   0x08003d6c   0x0000004c   Code   RO          398    i.MX_USART2_UART_Init  usart.o
    0x08003db8   0x08003db8   0x0000003c   Code   RO          399    i.MX_USART3_UART_Init  usart.o
    0x08003df4   0x08003df4   0x00000002   Code   RO          483    i.MemManage_Handler  stm32f7xx_it.o
    0x08003df6   0x08003df6   0x00000002   Code   RO          484    i.NMI_Handler       stm32f7xx_it.o
    0x08003df8   0x08003df8   0x00000002   Code   RO          485    i.PendSV_Handler    stm32f7xx_it.o
    0x08003dfa   0x08003dfa   0x00000002   PAD
    0x08003dfc   0x08003dfc   0x0000002c   Code   RO         1187    i.QR_restore_default  qrcode.o
    0x08003e28   0x08003e28   0x00000002   Code   RO          486    i.SVC_Handler       stm32f7xx_it.o
    0x08003e2a   0x08003e2a   0x0000003e   Code   RO          948    i.Set_Steering_anticlockwise  turnover_steering.o
    0x08003e68   0x08003e68   0x0000003e   Code   RO          949    i.Set_Steering_clockwise  turnover_steering.o
    0x08003ea6   0x08003ea6   0x0000003e   Code   RO          950    i.Set_Steering_stop  turnover_steering.o
    0x08003ee4   0x08003ee4   0x00000018   Code   RO          951    i.Steering_Init     turnover_steering.o
    0x08003efc   0x08003efc   0x00000004   Code   RO          487    i.SysTick_Handler   stm32f7xx_it.o
    0x08003f00   0x08003f00   0x000000c4   Code   RO            6    i.SystemClock_Config  main.o
    0x08003fc4   0x08003fc4   0x00000010   Code   RO         5507    i.SystemInit        system_stm32f7xx.o
    0x08003fd4   0x08003fd4   0x000001b4   Code   RO          752    i.TIM3CaptureChannel1Callback  motor_encoder.o
    0x08004188   0x08004188   0x000001b4   Code   RO          753    i.TIM3CaptureChannel3Callback  motor_encoder.o
    0x0800433c   0x0800433c   0x0000000c   Code   RO          488    i.TIM3_IRQHandler   stm32f7xx_it.o
    0x08004348   0x08004348   0x00000034   Code   RO          754    i.TIM3_IcOverflowCntCallback  motor_encoder.o
    0x0800437c   0x0800437c   0x000001b4   Code   RO          755    i.TIM5CaptureChannel1Callback  motor_encoder.o
    0x08004530   0x08004530   0x000001b4   Code   RO          756    i.TIM5CaptureChannel3Callback  motor_encoder.o
    0x080046e4   0x080046e4   0x0000000c   Code   RO          489    i.TIM5_IRQHandler   stm32f7xx_it.o
    0x080046f0   0x080046f0   0x00000034   Code   RO          757    i.TIM5_IcOverflowCntCallback  motor_encoder.o
    0x08004724   0x08004724   0x00000070   Code   RO          913    i.TIM6_DAC_IRQHandler  time_cnt.o
    0x08004794   0x08004794   0x000000cc   Code   RO         2619    i.TIM_Base_SetConfig  stm32f7xx_hal_tim.o
    0x08004860   0x08004860   0x0000001a   Code   RO         2620    i.TIM_CCxChannelCmd  stm32f7xx_hal_tim.o
    0x0800487a   0x0800487a   0x00000012   Code   RO         2630    i.TIM_ETR_SetConfig  stm32f7xx_hal_tim.o
    0x0800488c   0x0800488c   0x00000010   Code   RO         2631    i.TIM_ITRx_SetConfig  stm32f7xx_hal_tim.o
    0x0800489c   0x0800489c   0x00000074   Code   RO         2632    i.TIM_OC1_SetConfig  stm32f7xx_hal_tim.o
    0x08004910   0x08004910   0x00000078   Code   RO         2633    i.TIM_OC2_SetConfig  stm32f7xx_hal_tim.o
    0x08004988   0x08004988   0x00000078   Code   RO         2634    i.TIM_OC3_SetConfig  stm32f7xx_hal_tim.o
    0x08004a00   0x08004a00   0x00000058   Code   RO         2635    i.TIM_OC4_SetConfig  stm32f7xx_hal_tim.o
    0x08004a58   0x08004a58   0x00000058   Code   RO         2636    i.TIM_OC5_SetConfig  stm32f7xx_hal_tim.o
    0x08004ab0   0x08004ab0   0x00000058   Code   RO         2637    i.TIM_OC6_SetConfig  stm32f7xx_hal_tim.o
    0x08004b08   0x08004b08   0x00000022   Code   RO         2639    i.TIM_TI1_ConfigInputStage  stm32f7xx_hal_tim.o
    0x08004b2a   0x08004b2a   0x00000002   PAD
    0x08004b2c   0x08004b2c   0x00000080   Code   RO         2640    i.TIM_TI1_SetConfig  stm32f7xx_hal_tim.o
    0x08004bac   0x08004bac   0x00000024   Code   RO         2641    i.TIM_TI2_ConfigInputStage  stm32f7xx_hal_tim.o
    0x08004bd0   0x08004bd0   0x00000036   Code   RO         2642    i.TIM_TI2_SetConfig  stm32f7xx_hal_tim.o
    0x08004c06   0x08004c06   0x00000002   PAD
    0x08004c08   0x08004c08   0x0000000c   Code   RO          490    i.UART4_IRQHandler  stm32f7xx_it.o
    0x08004c14   0x08004c14   0x0000000c   Code   RO          491    i.UART5_IRQHandler  stm32f7xx_it.o
    0x08004c20   0x08004c20   0x0000000c   Code   RO          492    i.UART7_IRQHandler  stm32f7xx_it.o
    0x08004c2c   0x08004c2c   0x0000000c   Code   RO          493    i.UART8_IRQHandler  stm32f7xx_it.o
    0x08004c38   0x08004c38   0x000000c8   Code   RO         5109    i.UART_AdvFeatureConfig  stm32f7xx_hal_uart.o
    0x08004d00   0x08004d00   0x00000040   Code   RO         5110    i.UART_CheckIdleState  stm32f7xx_hal_uart.o
    0x08004d40   0x08004d40   0x00000014   Code   RO         5111    i.UART_DMAAbortOnError  stm32f7xx_hal_uart.o
    0x08004d54   0x08004d54   0x0000004a   Code   RO         5112    i.UART_DMAError     stm32f7xx_hal_uart.o
    0x08004d9e   0x08004d9e   0x0000005a   Code   RO         5113    i.UART_DMAReceiveCplt  stm32f7xx_hal_uart.o
    0x08004df8   0x08004df8   0x0000001c   Code   RO         5115    i.UART_DMARxHalfCplt  stm32f7xx_hal_uart.o
    0x08004e14   0x08004e14   0x00000030   Code   RO         5121    i.UART_EndRxTransfer  stm32f7xx_hal_uart.o
    0x08004e44   0x08004e44   0x00000010   Code   RO         5122    i.UART_EndTxTransfer  stm32f7xx_hal_uart.o
    0x08004e54   0x08004e54   0x00000234   Code   RO         5125    i.UART_SetConfig    stm32f7xx_hal_uart.o
    0x08005088   0x08005088   0x00000084   Code   RO         5126    i.UART_Start_Receive_DMA  stm32f7xx_hal_uart.o
    0x0800510c   0x0800510c   0x000000a4   Code   RO         5130    i.UART_WaitOnFlagUntilTimeout  stm32f7xx_hal_uart.o
    0x080051b0   0x080051b0   0x0000000c   Code   RO          494    i.USART2_IRQHandler  stm32f7xx_it.o
    0x080051bc   0x080051bc   0x00000002   Code   RO          495    i.UsageFault_Handler  stm32f7xx_it.o
    0x080051be   0x080051be   0x00000030   Code   RO         5928    i.__ARM_fpclassify  m_wm.l(fpclassify.o)
    0x080051ee   0x080051ee   0x00000022   Code   RO         2407    i.__NVIC_SetPriority  stm32f7xx_hal_cortex.o
    0x08005210   0x08005210   0x000000c8   Code   RO         5541    i.__hardfp_cos      m_wm.l(cos.o)
    0x080052d8   0x080052d8   0x000000c8   Code   RO         5553    i.__hardfp_sin      m_wm.l(sin.o)
    0x080053a0   0x080053a0   0x00000438   Code   RO         5872    i.__ieee754_rem_pio2  m_wm.l(rred.o)
    0x080057d8   0x080057d8   0x00000170   Code   RO         5855    i.__kernel_cos      m_wm.l(cos_i.o)
    0x08005948   0x08005948   0x000000f8   Code   RO         5930    i.__kernel_poly     m_wm.l(poly.o)
    0x08005a40   0x08005a40   0x00000130   Code   RO         5877    i.__kernel_sin      m_wm.l(sin_i.o)
    0x08005b70   0x08005b70   0x00000014   Code   RO         5859    i.__mathlib_dbl_infnan  m_wm.l(dunder.o)
    0x08005b84   0x08005b84   0x00000004   PAD
    0x08005b88   0x08005b88   0x00000020   Code   RO         5861    i.__mathlib_dbl_invalid  m_wm.l(dunder.o)
    0x08005ba8   0x08005ba8   0x00000020   Code   RO         5864    i.__mathlib_dbl_underflow  m_wm.l(dunder.o)
    0x08005bc8   0x08005bc8   0x0000000e   Code   RO         5936    i.__scatterload_copy  mc_w.l(handlers.o)
    0x08005bd6   0x08005bd6   0x00000002   Code   RO         5937    i.__scatterload_null  mc_w.l(handlers.o)
    0x08005bd8   0x08005bd8   0x0000000e   Code   RO         5938    i.__scatterload_zeroinit  mc_w.l(handlers.o)
    0x08005be6   0x08005be6   0x00000002   PAD
    0x08005be8   0x08005be8   0x0000000c   Code   RO         5910    i.__set_errno       mc_w.l(errno.o)
    0x08005bf4   0x08005bf4   0x0000005c   Code   RO         1989    i.blue_or_red       walk_task.o
    0x08005c50   0x08005c50   0x00000038   Code   RO         1914    i.calculate_diviation  track_task.o
    0x08005c88   0x08005c88   0x0000000c   Code   RO         1034    i.change_chassis_status  motor.o
    0x08005c94   0x08005c94   0x00000334   Code   RO         1035    i.chassis_synthetic_control  motor.o
    0x08005fc8   0x08005fc8   0x0000003c   Code   RO         1351    i.cmd_action_group_run  lsc.o
    0x08006004   0x08006004   0x0000003c   Code   RO         1352    i.cmd_action_group_speed  lsc.o
    0x08006040   0x08006040   0x00000028   Code   RO          996    i.delay_init        bsp_delay.o
    0x08006068   0x08006068   0x00000034   Code   RO          997    i.delay_ms          bsp_delay.o
    0x0800609c   0x0800609c   0x00000034   Code   RO         1669    i.distinguish_blue  openmv.o
    0x080060d0   0x080060d0   0x00000034   Code   RO         1670    i.distinguish_red   openmv.o
    0x08006104   0x08006104   0x00000018   Code   RO         5924    i.fabs              m_wm.l(fabs.o)
    0x0800611c   0x0800611c   0x0000007c   Code   RO         2181    i.final_Catch_disc_blue  catch_task.o
    0x08006198   0x08006198   0x00000088   Code   RO         2182    i.final_Catch_disc_red  catch_task.o
    0x08006220   0x08006220   0x00000088   Code   RO         1261    i.get_ball_id       ats522.o
    0x080062a8   0x080062a8   0x00000154   Code   RO         1990    i.go_home_blue      walk_task.o
    0x080063fc   0x080063fc   0x00000140   Code   RO         1991    i.go_home_red       walk_task.o
    0x0800653c   0x0800653c   0x000000f4   Code   RO         1992    i.hit_baffle_blue   walk_task.o
    0x08006630   0x08006630   0x000000f4   Code   RO         1993    i.hit_baffle_red    walk_task.o
    0x08006724   0x08006724   0x00000030   Code   RO         2242    i.look_for_location  put_task.o
    0x08006754   0x08006754   0x000000fc   Code   RO            7    i.main              main.o
    0x08006850   0x08006850   0x00000048   Code   RO          861    i.motor1_Enable     motor_config.o
    0x08006898   0x08006898   0x0000004c   Code   RO          862    i.motor2_Enable     motor_config.o
    0x080068e4   0x080068e4   0x0000004c   Code   RO          863    i.motor3_Enable     motor_config.o
    0x08006930   0x08006930   0x0000004c   Code   RO          864    i.motor4_Enable     motor_config.o
    0x0800697c   0x0800697c   0x00000038   Code   RO         1815    i.motor_pid_data_init  motor_task.o
    0x080069b4   0x080069b4   0x000002c0   Code   RO         1036    i.move_by_encoder   motor.o
    0x08006c74   0x08006c74   0x00000250   Code   RO         1994    i.path_plan_blue    walk_task.o
    0x08006ec4   0x08006ec4   0x00000260   Code   RO         1995    i.path_plan_red     walk_task.o
    0x08007124   0x08007124   0x0000011c   Code   RO         1778    i.pid_incremental   pid.o
    0x08007240   0x08007240   0x00000130   Code   RO         1779    i.pid_positional    pid.o
    0x08007370   0x08007370   0x0000004c   Code   RO         2244    i.put_1th           put_task.o
    0x080073bc   0x080073bc   0x0000004c   Code   RO         2245    i.put_2th           put_task.o
    0x08007408   0x08007408   0x0000004c   Code   RO         2246    i.put_3th           put_task.o
    0x08007454   0x08007454   0x000000a4   Code   RO         2247    i.re_and_final_lay_blue  put_task.o
    0x080074f8   0x080074f8   0x000000a4   Code   RO         2248    i.re_and_final_lay_red  put_task.o
    0x0800759c   0x0800759c   0x0000001e   Code   RO         1816    i.read_freq         motor_task.o
    0x080075ba   0x080075ba   0x00000002   PAD
    0x080075bc   0x080075bc   0x00000030   Code   RO         1262    i.receive_ats522_IRQ  ats522.o
    0x080075ec   0x080075ec   0x00000018   Code   RO         1263    i.receive_ats522_Init  ats522.o
    0x08007604   0x08007604   0x0000002c   Code   RO         1671    i.receive_openmv_IRQ  openmv.o
    0x08007630   0x08007630   0x00000018   Code   RO         1672    i.receive_openmv_Init  openmv.o
    0x08007648   0x08007648   0x00000028   Code   RO         1191    i.receive_qrcode_IRQ  qrcode.o
    0x08007670   0x08007670   0x00000018   Code   RO         1192    i.receive_qrcode_Init  qrcode.o
    0x08007688   0x08007688   0x00000028   Code   RO         1136    i.receive_trackboard_IRQ  trackboard.o
    0x080076b0   0x080076b0   0x00000018   Code   RO         1137    i.receive_trackboard_Init  trackboard.o
    0x080076c8   0x080076c8   0x00000054   Code   RO         1264    i.send_Anticoll     ats522.o
    0x0800771c   0x0800771c   0x00000074   Code   RO         1265    i.send_Authkey      ats522.o
    0x08007790   0x08007790   0x00000050   Code   RO         1266    i.send_Read         ats522.o
    0x080077e0   0x080077e0   0x00000054   Code   RO         1267    i.send_Request      ats522.o
    0x08007834   0x08007834   0x00000064   Code   RO         1268    i.send_Select       ats522.o
    0x08007898   0x08007898   0x00000008   Code   RO         1362    i.servogroup_Init   lsc.o
    0x080078a0   0x080078a0   0x00000008   Code   RO         1363    i.servogroup_InitInit  lsc.o
    0x080078a8   0x080078a8   0x00000016   Code   RO         1364    i.servogroup_Stepped_distinguish  lsc.o
    0x080078be   0x080078be   0x00000016   Code   RO         1365    i.servogroup_Steppedplatform_1_to_storehouse  lsc.o
    0x080078d4   0x080078d4   0x00000016   Code   RO         1366    i.servogroup_Steppedplatform_2_to_storehouse  lsc.o
    0x080078ea   0x080078ea   0x00000016   Code   RO         1367    i.servogroup_Steppedplatform_3_to_storehouse  lsc.o
    0x08007900   0x08007900   0x00000016   Code   RO         1368    i.servogroup_Stripplatform_to_storehouse  lsc.o
    0x08007916   0x08007916   0x00000016   Code   RO         1369    i.servogroup_catch_Steppedplatform_1  lsc.o
    0x0800792c   0x0800792c   0x00000016   Code   RO         1370    i.servogroup_catch_Steppedplatform_2  lsc.o
    0x08007942   0x08007942   0x00000016   Code   RO         1371    i.servogroup_catch_Steppedplatform_3  lsc.o
    0x08007958   0x08007958   0x00000016   Code   RO         1372    i.servogroup_catch_Stripplatform  lsc.o
    0x0800796e   0x0800796e   0x00000008   Code   RO         1373    i.servogroup_catch_disc_blue  lsc.o
    0x08007976   0x08007976   0x00000008   Code   RO         1375    i.servogroup_disc_to_storehouse_blue  lsc.o
    0x0800797e   0x0800797e   0x00000016   Code   RO         1376    i.servogroup_floor_1_to_storehouse  lsc.o
    0x08007994   0x08007994   0x00000016   Code   RO         1377    i.servogroup_floor_2_to_storehouse  lsc.o
    0x080079aa   0x080079aa   0x00000016   Code   RO         1378    i.servogroup_floor_3_to_storehouse  lsc.o
    0x080079c0   0x080079c0   0x00000016   Code   RO         1379    i.servogroup_storehouse_to_floor_1  lsc.o
    0x080079d6   0x080079d6   0x00000016   Code   RO         1380    i.servogroup_storehouse_to_floor_2  lsc.o
    0x080079ec   0x080079ec   0x00000016   Code   RO         1381    i.servogroup_storehouse_to_floor_3  lsc.o
    0x08007a02   0x08007a02   0x00000008   Code   RO         1382    i.servogroup_switch  lsc.o
    0x08007a0a   0x08007a0a   0x00000002   PAD
    0x08007a0c   0x08007a0c   0x0000000c   Code   RO         1037    i.set_chassis_speed  motor.o
    0x08007a18   0x08007a18   0x000000d4   Code   RO          830    i.set_motor_speed   motor_pwm.o
    0x08007aec   0x08007aec   0x00000004   Code   RO         1915    i.set_track_status  track_task.o
    0x08007af0   0x08007af0   0x000000fc   Code   RO         2150    i.span              turntable_task.o
    0x08007bec   0x08007bec   0x00000008   Code   RO         1383    i.stack_transfer_back_1  lsc.o
    0x08007bf4   0x08007bf4   0x00000008   Code   RO         1384    i.stack_transfer_back_2  lsc.o
    0x08007bfc   0x08007bfc   0x00000008   Code   RO         1385    i.stack_transfer_back_3  lsc.o
    0x08007c04   0x08007c04   0x000001e0   Code   RO         2313    i.stack_transfer_blue  stack_transfer.o
    0x08007de4   0x08007de4   0x00000008   Code   RO         1386    i.stack_transfer_catch_1  lsc.o
    0x08007dec   0x08007dec   0x00000008   Code   RO         1387    i.stack_transfer_catch_2  lsc.o
    0x08007df4   0x08007df4   0x00000008   Code   RO         1388    i.stack_transfer_catch_3  lsc.o
    0x08007dfc   0x08007dfc   0x00000008   Code   RO         1389    i.stack_transfer_distinguish_1  lsc.o
    0x08007e04   0x08007e04   0x00000008   Code   RO         1390    i.stack_transfer_distinguish_2  lsc.o
    0x08007e0c   0x08007e0c   0x00000008   Code   RO         1391    i.stack_transfer_distinguish_3  lsc.o
    0x08007e14   0x08007e14   0x00000008   Code   RO         1392    i.stack_transfer_put_1  lsc.o
    0x08007e1c   0x08007e1c   0x00000008   Code   RO         1393    i.stack_transfer_put_2  lsc.o
    0x08007e24   0x08007e24   0x00000008   Code   RO         1394    i.stack_transfer_put_3  lsc.o
    0x08007e2c   0x08007e2c   0x000001e4   Code   RO         2314    i.stack_transfer_red  stack_transfer.o
    0x08008010   0x08008010   0x0000003c   Code   RO         1673    i.tell_claw_to_catch  openmv.o
    0x0800804c   0x0800804c   0x00000034   Code   RO         1674    i.tell_openmv_to_catch_red_disc  openmv.o
    0x08008080   0x08008080   0x00000034   Code   RO         1676    i.tell_openmv_to_distinguish_Stepped  openmv.o
    0x080080b4   0x080080b4   0x00000034   Code   RO         1677    i.tell_openmv_to_distinguish_Strip  openmv.o
    0x080080e8   0x080080e8   0x00000034   Code   RO         1678    i.tell_openmv_to_loosen  openmv.o
    0x0800811c   0x0800811c   0x00000034   Code   RO         1679    i.tell_openmv_to_transfer  openmv.o
    0x08008150   0x08008150   0x00000034   Code   RO         1680    i.tell_openmv_to_transfer_blue  openmv.o
    0x08008184   0x08008184   0x00000034   Code   RO         1681    i.tell_openmv_to_transfer_red  openmv.o
    0x080081b8   0x080081b8   0x00000044   Code   RO         1916    i.track_pid         track_task.o
    0x080081fc   0x080081fc   0x00000038   Code   RO         1917    i.track_pid_data_init  track_task.o
    0x08008234   0x08008234   0x00000050   Code   RO         1996    i.walk_line2_to_line_1_blue  walk_task.o
    0x08008284   0x08008284   0x00000050   Code   RO         1997    i.walk_line2_to_line_1_red  walk_task.o
    0x080082d4   0x080082d4   0x00000050   Code   RO         1998    i.walk_line3_to_line2_red  walk_task.o
    0x08008324   0x08008324   0x00000050   Code   RO         2000    i.walk_one_warehouse_blue  walk_task.o
    0x08008374   0x08008374   0x00000050   Code   RO         2005    i.walk_to_warehouse_column4_red  walk_task.o
    0x080083c4   0x080083c4   0x00000050   Code   RO         2006    i.walk_to_workspace_blue  walk_task.o
    0x08008414   0x08008414   0x00000058   Code   RO         2007    i.walk_to_workspace_red  walk_task.o
    0x0800846c   0x0800846c   0x00000054   Code   RO         2009    i.walk_two_warehouse_blue  walk_task.o
    0x080084c0   0x080084c0   0x00000054   Code   RO         2010    i.walk_two_warehouse_red  walk_task.o
    0x08008514   0x08008514   0x00000008   Data   RO         3944    .constdata          stm32f7xx_hal_dma.o
    0x0800851c   0x0800851c   0x00000010   Data   RO         5508    .constdata          system_stm32f7xx.o
    0x0800852c   0x0800852c   0x00000008   Data   RO         5509    .constdata          system_stm32f7xx.o
    0x08008534   0x08008534   0x00000004   PAD
    0x08008538   0x08008538   0x00000030   Data   RO         5856    .constdata          m_wm.l(cos_i.o)
    0x08008568   0x08008568   0x000000c8   Data   RO         5874    .constdata          m_wm.l(rred.o)
    0x08008630   0x08008630   0x00000028   Data   RO         5878    .constdata          m_wm.l(sin_i.o)
    0x08008658   0x08008658   0x00000020   Data   RO         5934    Region$$Table       anon$$obj.o


    Execution Region RW_IRAM1 (Exec base: 0x20000000, Load base: 0x08008678, Size: 0x00001048, Max: 0x00050000, ABSOLUTE, COMPRESSED[0x00000060])

    Exec Addr    Load Addr    Size         Type   Attr      Idx    E Section Name        Object

    0x20000000   COMPRESSED   0x00000084   Data   RW          758    .data               motor_encoder.o
    0x20000084   COMPRESSED   0x00000014   Data   RW          914    .data               time_cnt.o
    0x20000098   COMPRESSED   0x00000008   Data   RW          999    .data               bsp_delay.o
    0x200000a0   COMPRESSED   0x00000010   Data   RW         1039    .data               motor.o
    0x200000b0   COMPRESSED   0x00000014   Data   RW         1141    .data               trackboard.o
    0x200000c4   COMPRESSED   0x00000002   Data   RW         1142    .data               trackboard.o
    0x200000c6   COMPRESSED   0x00000002   Data   RW         1194    .data               qrcode.o
    0x200000c8   COMPRESSED   0x00000008   Data   RW         1195    .data               qrcode.o
    0x200000d0   COMPRESSED   0x00000002   Data   RW         1270    .data               ats522.o
    0x200000d2   COMPRESSED   0x00000002   Data   RW         1683    .data               openmv.o
    0x200000d4   COMPRESSED   0x00000008   Data   RW         1684    .data               openmv.o
    0x200000dc   COMPRESSED   0x0000000c   Data   RW         1780    .data               pid.o
    0x200000e8   COMPRESSED   0x00000050   Data   RW         1818    .data               motor_task.o
    0x20000138   COMPRESSED   0x00000014   Data   RW         1919    .data               track_task.o
    0x2000014c   COMPRESSED   0x00000024   Data   RW         1920    .data               track_task.o
    0x20000170   COMPRESSED   0x00000024   Data   RW         1921    .data               track_task.o
    0x20000194   COMPRESSED   0x00000002   Data   RW         2012    .data               walk_task.o
    0x20000196   COMPRESSED   0x00000002   PAD
    0x20000198   COMPRESSED   0x00000008   Data   RW         2151    .data               turntable_task.o
    0x200001a0   COMPRESSED   0x00000002   Data   RW         2185    .data               catch_task.o
    0x200001a2   COMPRESSED   0x0000000b   Data   RW         2250    .data               put_task.o
    0x200001ad   COMPRESSED   0x00000003   PAD
    0x200001b0   COMPRESSED   0x0000001c   Data   RW         2317    .data               stack_transfer.o
    0x200001cc   COMPRESSED   0x0000000c   Data   RW         4321    .data               stm32f7xx_hal.o
    0x200001d8   COMPRESSED   0x00000004   Data   RW         5510    .data               system_stm32f7xx.o
    0x200001dc   COMPRESSED   0x00000004   Data   RW         5911    .data               mc_w.l(errno.o)
    0x200001e0        -       0x000001c8   Zero   RW          312    .bss                tim.o
    0x200003a8        -       0x0000057c   Zero   RW          401    .bss                usart.o
    0x20000924        -       0x00000024   Zero   RW          865    .bss                motor_config.o
    0x20000948        -       0x00000024   Zero   RW          866    .bss                motor_config.o
    0x2000096c        -       0x00000024   Zero   RW          867    .bss                motor_config.o
    0x20000990        -       0x00000024   Zero   RW          868    .bss                motor_config.o
    0x200009b4        -       0x0000000c   Zero   RW          952    .bss                turnover_steering.o
    0x200009c0        -       0x00000038   Zero   RW         1038    .bss                motor.o
    0x200009f8        -       0x00000014   Zero   RW         1138    .bss                trackboard.o
    0x20000a0c        -       0x0000000e   Zero   RW         1139    .bss                trackboard.o
    0x20000a1a        -       0x00000012   Zero   RW         1193    .bss                qrcode.o
    0x20000a2c        -       0x000000be   Zero   RW         1269    .bss                ats522.o
    0x20000aea        -       0x0000000c   Zero   RW         1682    .bss                openmv.o
    0x20000af6   COMPRESSED   0x00000002   PAD
    0x20000af8        -       0x00000100   Zero   RW         1817    .bss                motor_task.o
    0x20000bf8        -       0x00000040   Zero   RW         1918    .bss                track_task.o
    0x20000c38        -       0x0000000c   Zero   RW         2184    .bss                catch_task.o
    0x20000c44   COMPRESSED   0x00000004   PAD
    0x20000c48        -       0x00000400   Zero   RW          740    STACK               startup_stm32f750xx.o


==============================================================================

Image component sizes


      Code (inc. data)   RO Data    RW Data    ZI Data      Debug   Object Name

       886         80          0          2        190       8091   ats522.o
        92         18          0          8          0       1320   bsp_delay.o
      1188         76          0          2         12       4300   catch_task.o
       124          4          0          0          0        842   dma.o
       288         24          0          0          0       1083   gpio.o
       586         12          0          0          0      17114   lsc.o
       580         96          0          0          0     843402   main.o
      1548        146          0         16         56       4137   motor.o
       300         52          0          0        144       3418   motor_config.o
      2176        128          0        132          0       7229   motor_encoder.o
       212          0          0          0          0       1656   motor_pwm.o
        86          4          0         80        256       2208   motor_task.o
       668         76          0         10         12       8364   openmv.o
       588         36          0         12          0       3156   pid.o
       604         20          0         11          0       4775   put_task.o
       200         46          0         10         18       3260   qrcode.o
       964         34          0         28          0       3431   stack_transfer.o
        36          8        456          0       1024        804   startup_stm32f750xx.o
       164         28          0         12          0       9061   stm32f7xx_hal.o
       198         12          0          0          0      39003   stm32f7xx_hal_cortex.o
      1112         16          8          0          0       7414   stm32f7xx_hal_dma.o
       482         52          0          0          0       2571   stm32f7xx_hal_gpio.o
        48          6          0          0          0        850   stm32f7xx_hal_msp.o
       108          8          0          0          0       1272   stm32f7xx_hal_pwr_ex.o
      1364         64          0          0          0       5196   stm32f7xx_hal_rcc.o
      1276         16          0          0          0       2292   stm32f7xx_hal_rcc_ex.o
      3352        258          0          0          0      23168   stm32f7xx_hal_tim.o
       330         40          0          0          0       4016   stm32f7xx_hal_tim_ex.o
      2238         90          0          0          0      14523   stm32f7xx_hal_uart.o
        72          0          0          0          0       1303   stm32f7xx_hal_uart_ex.o
       164         72          0          0          0     728556   stm32f7xx_it.o
        16          4         24          4          0       1135   system_stm32f7xx.o
      1528        110          0          0        456       7250   tim.o
       184         18          0         20          0       2261   time_cnt.o
       184         16          0         92         64       3179   track_task.o
       312         26          0         22         34       3217   trackboard.o
       210          6          0          0         12       3230   turnover_steering.o
       252         18          0          8          0       1099   turntable_task.o
      1304        120          0          0       1404       6368   usart.o
      3176        296          0          2          0      11465   walk_task.o

    ----------------------------------------------------------------------
     29234       2136        524        476       3688    1797019   Object Totals
         0          0         32          0          0          0   (incl. Generated)
        34          0          4          5          6          0   (incl. Padding)

    ----------------------------------------------------------------------

      Code (inc. data)   RO Data    RW Data    ZI Data      Debug   Library Member Name

       200         20          0          0          0        164   cos.o
       368         46         48          0          0        200   cos_i.o
        84         16          0          0          0        372   dunder.o
        24          0          0          0          0        124   fabs.o
        48          0          0          0          0        124   fpclassify.o
       248          0          0          0          0        152   poly.o
      1080        142        200          0          0        188   rred.o
       200         20          0          0          0        164   sin.o
       304         24         40          0          0        208   sin_i.o
        86          0          0          0          0          0   __dczerorl2.o
         0          0          0          0          0          0   entry.o
         0          0          0          0          0          0   entry10a.o
         0          0          0          0          0          0   entry11a.o
         4          0          0          0          0          0   entry12b.o
         8          4          0          0          0          0   entry2.o
         4          0          0          0          0          0   entry5.o
         0          0          0          0          0          0   entry7b.o
         0          0          0          0          0          0   entry8b.o
         8          4          0          0          0          0   entry9a.o
        12          6          0          4          0         68   errno.o
        30          0          0          0          0          0   handlers.o
        36          8          0          0          0         68   init.o
         0          0          0          0          0          0   iusefp.o
        30          0          0          0          0         68   llshl.o
        36          0          0          0          0         68   llsshr.o
        32          0          0          0          0         68   llushr.o
        36          0          0          0          0        108   memseta.o
        98          0          0          0          0         92   uldiv.o
        48          0          0          0          0         68   cdcmple.o
        48          0          0          0          0         68   cdrcmple.o
        56          0          0          0          0         88   d2f.o
       334          0          0          0          0        148   dadd.o
       222          0          0          0          0        100   ddiv.o
       186          0          0          0          0        176   depilogue.o
        62          0          0          0          0         80   dfixi.o
        34          0          0          0          0         76   dflti.o
        26          0          0          0          0         76   dfltui.o
       228          0          0          0          0         96   dmul.o
        38          0          0          0          0         68   f2d.o
       110          0          0          0          0        168   fepilogue.o

    ----------------------------------------------------------------------
      4378        290        288          4          0       3448   Library Totals
        10          0          0          0          0          0   (incl. Padding)

    ----------------------------------------------------------------------

      Code (inc. data)   RO Data    RW Data    ZI Data      Debug   Library Name

      2556        268        288          0          0       1696   m_wm.l
       420         22          0          4          0        540   mc_w.l
      1392          0          0          0          0       1212   mf_w.l

    ----------------------------------------------------------------------
      4378        290        288          4          0       3448   Library Totals

    ----------------------------------------------------------------------

==============================================================================


      Code (inc. data)   RO Data    RW Data    ZI Data      Debug   

     33612       2426        812        480       3688    1774619   Grand Totals
     33612       2426        812         96       3688    1774619   ELF Image Totals (compressed)
     33612       2426        812         96          0          0   ROM Totals

==============================================================================

    Total RO  Size (Code + RO Data)                34424 (  33.62kB)
    Total RW  Size (RW Data + ZI Data)              4168 (   4.07kB)
    Total ROM Size (Code + RO Data + RW Data)      34520 (  33.71kB)

==============================================================================

